 inverse_test_sfun

 Timestamp is 604d71ba (Sat Mar 13 18:15:22 2021)

 Preferred load address is 0000000180000000

 Start         Length     Name                   Class
 0001:00000000 00045790H .text$mn                CODE
 0001:00045790 00000040H .text$mn$00             CODE
 0001:000457d0 0000052eH .text$x                 CODE
 0002:00000000 000005e0H .idata$5                DATA
 0002:000005e0 00000028H .00cfg                  DATA
 0002:00000608 00000008H .CRT$XCA                DATA
 0002:00000610 00000008H .CRT$XCZ                DATA
 0002:00000618 00000008H .CRT$XIA                DATA
 0002:00000620 00000008H .CRT$XIZ                DATA
 0002:00000628 00000008H .CRT$XPA                DATA
 0002:00000630 00000008H .CRT$XPZ                DATA
 0002:00000638 00000008H .CRT$XTA                DATA
 0002:00000640 00000010H .CRT$XTZ                DATA
 0002:00000648 00000000H .gehcont$y              DATA
 0002:00000648 00000000H .gfids$y                DATA
 0002:00000650 000006d0H .rdata                  DATA
 0002:00000d20 0000026cH .rdata$r                DATA
 0002:00000f8c 00000254H .rdata$zzzdbg           DATA
 0002:000011e0 00000008H .rtc$IAA                DATA
 0002:000011e8 00000008H .rtc$IZZ                DATA
 0002:000011f0 00000008H .rtc$TAA                DATA
 0002:000011f8 00000008H .rtc$TZZ                DATA
 0002:00001200 00001bc0H .xdata                  DATA
 0002:00002dc0 000000f0H .xdata$x                DATA
 0002:00002eb0 000002c0H .edata                  DATA
 0002:00003170 00000154H .idata$2                DATA
 0002:000032c4 00000014H .idata$3                DATA
 0002:000032d8 000005e0H .idata$4                DATA
 0002:000038b8 000012a0H .idata$6                DATA
 0003:00000000 0000b4b8H .data                   DATA
 0003:0000b4b8 000000d8H .data$r                 DATA
 0003:0000b590 00000c90H .bss                    DATA
 0004:00000000 00001e9cH .pdata                  DATA

  Address         Publics by Value              Rva+Base               Lib:Object

 0000:00000000       ___safe_se_handler_table   0000000000000000     <absolute>
 0000:00000000       __arm64x_redirection_metadata 0000000000000000     <absolute>
 0000:00000000       __guard_fids_table         0000000000000000     <absolute>
 0000:00000000       __dynamic_value_reloc_table 0000000000000000     <absolute>
 0000:00000000       __arm64x_native_entrypoint 0000000000000000     <absolute>
 0000:00000000       __hybrid_code_map          0000000000000000     <absolute>
 0000:00000000       __arm64x_extra_rfe_table_size 0000000000000000     <absolute>
 0000:00000000       __x64_code_ranges_to_entry_points_count 0000000000000000     <absolute>
 0000:00000000       __arm64x_redirection_metadata_count 0000000000000000     <absolute>
 0000:00000000       __AbsoluteZero             0000000000000000     <absolute>
 0000:00000000       __enclave_config           0000000000000000     <absolute>
 0000:00000000       __hybrid_auxiliary_iat     0000000000000000     <absolute>
 0000:00000000       __guard_eh_cont_count      0000000000000000     <absolute>
 0000:00000000       __guard_longjmp_count      0000000000000000     <absolute>
 0000:00000000       __guard_longjmp_table      0000000000000000     <absolute>
 0000:00000000       __arm64x_extra_rfe_table   0000000000000000     <absolute>
 0000:00000000       __hybrid_code_map_count    0000000000000000     <absolute>
 0000:00000000       __guard_iat_table          0000000000000000     <absolute>
 0000:00000000       __guard_eh_cont_table      0000000000000000     <absolute>
 0000:00000000       __guard_iat_count          0000000000000000     <absolute>
 0000:00000000       __x64_code_ranges_to_entry_points 0000000000000000     <absolute>
 0000:00000000       __guard_fids_count         0000000000000000     <absolute>
 0000:00000000       ___safe_se_handler_count   0000000000000000     <absolute>
 0000:00000000       __volatile_metadata        0000000000000000     <absolute>
 0000:00000100       __guard_flags              0000000000000100     <absolute>
 0000:00000000       __ImageBase                0000000180000000     <linker-defined>
 0001:00000000       inverse_test_initializer   0000000180001000 f   inverse_test_sfun.obj
 0001:00000010       inverse_test_terminator    0000000180001010 f   inverse_test_sfun.obj
 0001:00000020       load_inverse_test_optimization_info 0000000180001020 f   inverse_test_sfun.obj
 0001:000000d0       unload_inverse_test_optimization_info 00000001800010d0 f   inverse_test_sfun.obj
 0001:00000100       sf_inverse_test_method_dispatcher 0000000180001100 f   inverse_test_sfun.obj
 0001:00000150       sf_inverse_test_process_check_sum_call 0000000180001150 f   inverse_test_sfun.obj
 0001:00000640       sf_inverse_test_get_eml_resolved_functions_info 0000000180001640 f   inverse_test_sfun.obj
 0001:00000820       sf_inverse_test_third_party_uses_info 0000000180001820 f   inverse_test_sfun.obj
 0001:000009f0       sf_inverse_test_jit_fallback_info 00000001800019f0 f   inverse_test_sfun.obj
 0001:00000bc0       sf_inverse_test_get_post_codegen_info 0000000180001bc0 f   inverse_test_sfun.obj
 0001:00000da0       sf_inverse_test_updateBuildInfo_args_info 0000000180001da0 f   inverse_test_sfun.obj
 0001:00000f70       inverse_test_register_exported_symbols 0000000180001f70 f   inverse_test_sfun.obj
 0001:00000f80       sf_c4_inverse_test_get_eml_resolved_functions_info 0000000180001f80 f   c4_inverse_test.obj
 0001:00001000       sf_c4_inverse_test_get_check_sum 0000000180002000 f   c4_inverse_test.obj
 0001:000010d0       c4_inverse_test_method_dispatcher 00000001800020d0 f   c4_inverse_test.obj
 0001:000271d0       sf_c4_inverse_test_third_party_uses_info 00000001800281d0 f   c4_inverse_test.obj
 0001:00027240       sf_c4_inverse_test_jit_fallback_info 0000000180028240 f   c4_inverse_test.obj
 0001:000273d0       sf_c4_inverse_test_updateBuildInfo_args_info 00000001800283d0 f   c4_inverse_test.obj
 0001:00027770       sf_c4_inverse_test_get_post_codegen_info 0000000180028770 f   c4_inverse_test.obj
 0001:00027d40       mexFunction                0000000180028d40 f   inverse_test_sfun_registry.obj
 0001:0002a4f0       _ssSetInputPortDirectFeedThroughFcn 000000018002b4f0 f   inverse_test_sfun_registry.obj
 0001:0002a660       _ssSetRWorkValueFcn        000000018002b660 f   inverse_test_sfun_registry.obj
 0001:0002a6e0       _ssGetRWorkValueFcn        000000018002b6e0 f   inverse_test_sfun_registry.obj
 0001:0002a750       _ssSetIWorkValueFcn        000000018002b750 f   inverse_test_sfun_registry.obj
 0001:0002a7d0       _ssGetIWorkValueFcn        000000018002b7d0 f   inverse_test_sfun_registry.obj
 0001:0002a840       _ssSetPWorkValueFcn        000000018002b840 f   inverse_test_sfun_registry.obj
 0001:0002a8c0       _ssGetPWorkValueFcn        000000018002b8c0 f   inverse_test_sfun_registry.obj
 0001:0002a930       _ssGetInputPortSignalFcn   000000018002b930 f   inverse_test_sfun_registry.obj
 0001:0002acc0       _ssGetInputPortBufferDstPortFcn 000000018002bcc0 f   inverse_test_sfun_registry.obj
 0001:0002ad40       _ssGetInputPortSignalPtrsFcn 000000018002bd40 f   inverse_test_sfun_registry.obj
 0001:0002b0d0       ssGetParameterTuningCompliance 000000018002c0d0 f   inverse_test_sfun_registry.obj
 0001:0002b140       ssGetDTypeIdFromMxArray    000000018002c140 f   inverse_test_sfun_registry.obj
 0001:0002b260       ssWriteRTWMx2dMatParam     000000018002c260 f   inverse_test_sfun_registry.obj
 0001:0002b2f0       ssWriteRTWMxVectParam      000000018002c2f0 f   inverse_test_sfun_registry.obj
 0001:0002b370       ssWriteRTWParameters       000000018002c370 f   inverse_test_sfun_registry.obj
 0001:0002b930       ssWriteRTWParamSettings    000000018002c930 f   inverse_test_sfun_registry.obj
 0001:0002c020       ssWriteRTWStr              000000018002d020 f   inverse_test_sfun_registry.obj
 0001:0002c080       ssWriteRTWWorkVect         000000018002d080 f   inverse_test_sfun_registry.obj
 0001:0002c5e0       ssWarning                  000000018002d5e0 f   inverse_test_sfun_registry.obj
 0001:0002c6d0       ssWriteRTWNameValuePair    000000018002d6d0 f   inverse_test_sfun_registry.obj
 0001:0002cbd0       _ssSetInputPortMatrixDimensions 000000018002dbd0 f   inverse_test_sfun_registry.obj
 0001:0002ccf0       _ssSetOutputPortMatrixDimensions 000000018002dcf0 f   inverse_test_sfun_registry.obj
 0001:0002ce10       _ssSetInputPortVectorDimension 000000018002de10 f   inverse_test_sfun_registry.obj
 0001:0002cec0       _ssSetOutputPortVectorDimension 000000018002dec0 f   inverse_test_sfun_registry.obj
 0001:0002cf70       ssIsRunTimeParamTunable    000000018002df70 f   inverse_test_sfun_registry.obj
 0001:0002cfe0       ssGetSFuncBlockHandle      000000018002dfe0 f   inverse_test_sfun_registry.obj
 0001:0002d050       _ssGetCurrentInputPortWidth 000000018002e050 f   inverse_test_sfun_registry.obj
 0001:0002d190       _ssGetCurrentOutputPortWidth 000000018002e190 f   inverse_test_sfun_registry.obj
 0001:0002d2d0       _ssGetCallSystemNumFcnCallDestinations 000000018002e2d0 f   inverse_test_sfun_registry.obj
 0001:0002d340       ssGetIsZeroCrossControlDisabled 000000018002e340 f   inverse_test_sfun_registry.obj
 0001:0002d3b0       ssSetIsInputPortUsedForContZcSignal 000000018002e3b0 f   inverse_test_sfun_registry.obj
 0001:0002d420       ssSetZcSignalIsZcElementDisc 000000018002e420 f   inverse_test_sfun_registry.obj
 0001:0002d4d0       ssSetZcSignalName          000000018002e4d0 f   inverse_test_sfun_registry.obj
 0001:0002d540       ssSetZcSignalWidth         000000018002e540 f   inverse_test_sfun_registry.obj
 0001:0002d5b0       ssSetZcSignalZcEventType   000000018002e5b0 f   inverse_test_sfun_registry.obj
 0001:0002d620       ssSetZcSignalType          000000018002e620 f   inverse_test_sfun_registry.obj
 0001:0002d690       ssSetZcSignalZcTol         000000018002e690 f   inverse_test_sfun_registry.obj
 0001:0002d700       ssSetZcSignalNeedsEventNotification 000000018002e700 f   inverse_test_sfun_registry.obj
 0001:0002d770       ssCreateAndAddZcSignalInfo 000000018002e770 f   inverse_test_sfun_registry.obj
 0001:0002d7e0       ssCloneAndAddZcSignalInfo  000000018002e7e0 f   inverse_test_sfun_registry.obj
 0001:0002d850       ssGetNumZcSignals          000000018002e850 f   inverse_test_sfun_registry.obj
 0001:0002d8c0       ssGetZcSignalVector        000000018002e8c0 f   inverse_test_sfun_registry.obj
 0001:0002d930       ssGetZcSignalName          000000018002e930 f   inverse_test_sfun_registry.obj
 0001:0002d9a0       ssGetZcSignalWidth         000000018002e9a0 f   inverse_test_sfun_registry.obj
 0001:0002da10       ssGetZcSignalZcEventType   000000018002ea10 f   inverse_test_sfun_registry.obj
 0001:0002da80       ssGetZcSignalZcEvents      000000018002ea80 f   inverse_test_sfun_registry.obj
 0001:0002daf0       ssGetZcSignalType          000000018002eaf0 f   inverse_test_sfun_registry.obj
 0001:0002db60       ssGetZcSignalZcTol         000000018002eb60 f   inverse_test_sfun_registry.obj
 0001:0002dbe0       ssGetZcSignalNeedsEventNotification 000000018002ebe0 f   inverse_test_sfun_registry.obj
 0001:0002dc50       ssGetZcSignalIsZcElementDisc 000000018002ec50 f   inverse_test_sfun_registry.obj
 0001:0002dcf0       ssGetIsInputPortElementContinuous 000000018002ecf0 f   inverse_test_sfun_registry.obj
 0001:0002dd90       _ssGetAbsTol               000000018002ed90 f   inverse_test_sfun_registry.obj
 0001:0002de00       _ssSetStateAbsTol          000000018002ee00 f   inverse_test_sfun_registry.obj
 0001:0002dee0       _ssSetInputPortReusableFcn 000000018002eee0 f   inverse_test_sfun_registry.obj
 0001:0002dfe0       _ssSetOutputPortReusableFcn 000000018002efe0 f   inverse_test_sfun_registry.obj
 0001:0002e0e0       _ssSetSymbolicDimsSupport  000000018002f0e0 f   inverse_test_sfun_registry.obj
 0001:0002e150       _ssRegisterSymbolicDimsExpr 000000018002f150 f   inverse_test_sfun_registry.obj
 0001:0002e1d0       _ssRegisterSymbolicDims    000000018002f1d0 f   inverse_test_sfun_registry.obj
 0001:0002e270       _ssRegisterSymbolicDimsString 000000018002f270 f   inverse_test_sfun_registry.obj
 0001:0002e2f0       _ssRegisterSymbolicDimsIntValue 000000018002f2f0 f   inverse_test_sfun_registry.obj
 0001:0002e360       _ssRegisterSymbolicDimsPlus 000000018002f360 f   inverse_test_sfun_registry.obj
 0001:0002e3e0       _ssRegisterSymbolicDimsMinus 000000018002f3e0 f   inverse_test_sfun_registry.obj
 0001:0002e460       _ssRegisterSymbolicDimsMultiply 000000018002f460 f   inverse_test_sfun_registry.obj
 0001:0002e4e0       _ssRegisterSymbolicDimsDivide 000000018002f4e0 f   inverse_test_sfun_registry.obj
 0001:0002e560       _ssGetNumSymbolicDims      000000018002f560 f   inverse_test_sfun_registry.obj
 0001:0002e5d0       _ssGetSymbolicDim          000000018002f5d0 f   inverse_test_sfun_registry.obj
 0001:0002e650       _ssSetInputPortSymbolicDimsId 000000018002f650 f   inverse_test_sfun_registry.obj
 0001:0002e6c0       _ssGetCompInputPortSymbolicDimsId 000000018002f6c0 f   inverse_test_sfun_registry.obj
 0001:0002e730       _ssSetCompInputPortSymbolicDimsId 000000018002f730 f   inverse_test_sfun_registry.obj
 0001:0002e7a0       _ssSetOutputPortSymbolicDimsId 000000018002f7a0 f   inverse_test_sfun_registry.obj
 0001:0002e810       _ssGetCompOutputPortSymbolicDimsId 000000018002f810 f   inverse_test_sfun_registry.obj
 0001:0002e880       _ssSetCompOutputPortSymbolicDimsId 000000018002f880 f   inverse_test_sfun_registry.obj
 0001:0002e8f0       _ssSetCompDWorkSymbolicDimsId 000000018002f8f0 f   inverse_test_sfun_registry.obj
 0001:0002e960       sf_process_check_sum_call  000000018002f960 f   inverse_test_sfun_registry.obj
 0001:0002e9b0       sf_process_get_third_party_uses_info_call 000000018002f9b0 f   inverse_test_sfun_registry.obj
 0001:0002ebe0       sf_process_get_jit_fallback_info_call 000000018002fbe0 f   inverse_test_sfun_registry.obj
 0001:0002ee10       sf_process_get_post_codegen_info_call 000000018002fe10 f   inverse_test_sfun_registry.obj
 0001:0002f040       sf_process_get_updateBuildInfo_args_info_call 0000000180030040 f   inverse_test_sfun_registry.obj
 0001:0002f270       sf_process_get_eml_resolved_functions_info_call 0000000180030270 f   inverse_test_sfun_registry.obj
 0001:0002f4a0       sf_mex_unlock_call         00000001800304a0 f   inverse_test_sfun_registry.obj
 0001:0002f6c0       sf_machine_global_initializer_called 00000001800306c0 f   inverse_test_sfun_registry.obj
 0001:0002f6f0       sf_machine_global_method_dispatcher 00000001800306f0 f   inverse_test_sfun_registry.obj
 0001:0002f750       sf_machine_global_terminator 0000000180030750 f   inverse_test_sfun_registry.obj
 0001:0002f780       sf_register_machine_exported_symbols 0000000180030780 f   inverse_test_sfun_registry.obj
 0001:0002f7a0       callCustomFcn              00000001800307a0 f   inverse_test_sfun_registry.obj
 0001:0002f7b0       sf_machine_global_initializer 00000001800307b0 f   inverse_test_sfun_registry.obj
 0001:0002f820       mdlGetSimState             0000000180030820 f   inverse_test_sfun_registry.obj
 0001:0002f860       mdlSetSimState             0000000180030860 f   inverse_test_sfun_registry.obj
 0001:000301b0       ProcessMexSfunctionEveryCall 00000001800311b0 f   inverse_test_sfun_registry.obj
 0001:00031330       __local_stdio_printf_options 0000000180032330 f i inverse_test_sfun_registry.obj
 0001:00031340       _vsnprintf_l               0000000180032340 f i inverse_test_sfun_registry.obj
 0001:000313c0       _vsprintf_l                00000001800323c0 f i inverse_test_sfun_registry.obj
 0001:00031410       sprintf                    0000000180032410 f i inverse_test_sfun_registry.obj
 0001:00031460       mexfilerequiredapiversion  0000000180032460 f   c_mexapi_version.obj
 0001:00031e30       ccdFirstDirDefault         0000000180032e30 f   ccd_ccd.obj
 0001:00031e70       __ccdSupport               0000000180032e70 f   ccd_ccd.obj
 0001:00031f50       ccdGJKIntersect            0000000180032f50 f   ccd_ccd.obj
 0001:00031fe0       __ccdGJK                   0000000180032fe0 f   ccd_ccd.obj
 0001:000321a0       ccdGJKSeparate             00000001800331a0 f   ccd_ccd.obj
 0001:00032240       ccdGJKPenetration          0000000180033240 f   ccd_ccd.obj
 0001:00036750       ccdMPRIntersect            0000000180037750 f   ccd_mpr.obj
 0001:00036820       ccdMPRPenetration          0000000180037820 f   ccd_mpr.obj
 0001:00038320       ccdPtInit                  0000000180039320 f   ccd_polytope.obj
 0001:00038390       ccdPtDestroy               0000000180039390 f   ccd_polytope.obj
 0001:000384e0       ccdPtAddVertex             00000001800394e0 f   ccd_polytope.obj
 0001:000385b0       ccdPtAddEdge               00000001800395b0 f   ccd_polytope.obj
 0001:00038770       ccdPtAddFace               0000000180039770 f   ccd_polytope.obj
 0001:00038c50       ccdPtRecomputeDistances    0000000180039c50 f   ccd_polytope.obj
 0001:00038f40       ccdPtNearest               0000000180039f40 f   ccd_polytope.obj
 0001:00038f80       ccdPtDumpSVT               0000000180039f80 f   ccd_polytope.obj
 0001:00038fe0       ccdPtDumpSVT2              0000000180039fe0 f   ccd_polytope.obj
 0001:000394d0       _vfprintf_l                000000018003a4d0 f i ccd_polytope.obj
 0001:00039520       fprintf                    000000018003a520 f i ccd_polytope.obj
 0001:00039a60       ccdVec3PointSegmentDist2   000000018003aa60 f   ccd_vec3.obj
 0001:00039aa0       ccdVec3PointTriDist2       000000018003aaa0 f   ccd_vec3.obj
 0001:0003a9d0       ??RCollisionGeometryDeleter@shared_robotics@@QEAAXPEAVCollisionGeometry@1@@Z 000000018003b9d0 f   collisioncodegen_CollisionGeometry.obj
 0001:0003aa20       ??1CollisionGeometry@shared_robotics@@UEAA@XZ 000000018003ba20 f   collisioncodegen_CollisionGeometry.obj
 0001:0003aa80       ?support@CollisionGeometry@shared_robotics@@QEBAXPEBU_ccd_vec3_t@@PEAU3@@Z 000000018003ba80 f   collisioncodegen_CollisionGeometry.obj
 0001:0003b470       ?constructConnectionList@CollisionGeometry@shared_robotics@@IEAAXXZ 000000018003c470 f   collisioncodegen_CollisionGeometry.obj
 0001:0003b9f0       ??$?0$$V@?$_Compressed_pair@V?$allocator@N@std@@V?$_Vector_val@U?$_Simple_types@N@std@@@2@$00@std@@QEAA@U_Zero_then_variadic_args_t@1@@Z 000000018003c9f0 f i collisioncodegen_CollisionGeometry.obj
 0001:0003ba20       ??$?0$$V@?$_Compressed_pair@V?$allocator@_K@std@@V?$_Vector_val@U?$_Simple_types@_K@std@@@2@$00@std@@QEAA@U_Zero_then_variadic_args_t@1@@Z 000000018003ca20 f i collisioncodegen_CollisionGeometry.obj
 0001:0003ba50       ??$?0AEAPEA_KAEAPEA_K$0A@@?$pair@PEA_KPEA_K@std@@QEAA@AEAPEA_K0@Z 000000018003ca50 f i collisioncodegen_CollisionGeometry.obj
 0001:0003baa0       ??$?0V?$allocator@_K@std@@$$V@?$_Compressed_pair@V?$allocator@_K@std@@V?$_Vector_val@U?$_Simple_types@_K@std@@@2@$00@std@@QEAA@U_One_then_variadic_args_t@1@$$QEAV?$allocator@_K@1@@Z 000000018003caa0 f i collisioncodegen_CollisionGeometry.obj
 0001:0003bae0       ??$?6U?$char_traits@D@std@@@std@@YAAEAV?$basic_ostream@DU?$char_traits@D@std@@@0@AEAV10@PEBD@Z 000000018003cae0 f i collisioncodegen_CollisionGeometry.obj
 0001:0003be90       ??$?RAEANAEAN@?$less@X@std@@QEBA_NAEAN0@Z 000000018003ce90 f i collisioncodegen_CollisionGeometry.obj
 0001:0003bed0       ??$?RAEA_KAEA_K@?$equal_to@X@std@@QEBA_NAEA_K0@Z 000000018003ced0 f i collisioncodegen_CollisionGeometry.obj
 0001:0003bf10       ??$?RAEA_KAEA_K@?$less@X@std@@QEBA_NAEA_K0@Z 000000018003cf10 f i collisioncodegen_CollisionGeometry.obj
 0001:0003bf50       ??$_Adl_verify_range@V?$_Vector_iterator@V?$_Vector_val@U?$_Simple_types@N@std@@@std@@@std@@V12@@std@@YAXAEBV?$_Vector_iterator@V?$_Vector_val@U?$_Simple_types@N@std@@@std@@@0@0@Z 000000018003cf50 f i collisioncodegen_CollisionGeometry.obj
 0001:0003bf60       ??$_Adl_verify_range@V?$_Vector_iterator@V?$_Vector_val@U?$_Simple_types@_K@std@@@std@@@std@@V12@@std@@YAXAEBV?$_Vector_iterator@V?$_Vector_val@U?$_Simple_types@_K@std@@@std@@@0@0@Z 000000018003cf60 f i collisioncodegen_CollisionGeometry.obj
 0001:0003bf70       ??$_Allocate@$0BA@U_Default_allocate_traits@std@@$0A@@std@@YAPEAX_K@Z 000000018003cf70 f i collisioncodegen_CollisionGeometry.obj
 0001:0003bfb0       ??$_Allocate_manually_vector_aligned@U_Default_allocate_traits@std@@@std@@YAPEAX_K@Z 000000018003cfb0 f i collisioncodegen_CollisionGeometry.obj
 0001:0003c040       ??$_Copy_backward_memmove@PEA_KPEA_K@std@@YAPEA_KPEA_K00@Z 000000018003d040 f i collisioncodegen_CollisionGeometry.obj
 0001:0003c0b0       ??$_Copy_memmove@PEANPEAN@std@@YAPEANPEAN00@Z 000000018003d0b0 f i collisioncodegen_CollisionGeometry.obj
 0001:0003c120       ??$_Copy_memmove@PEA_KPEA_K@std@@YAPEA_KPEA_K00@Z 000000018003d120 f i collisioncodegen_CollisionGeometry.obj
 0001:0003c190       ??$_Deallocate@$0BA@$0A@@std@@YAXPEAX_K@Z 000000018003d190 f i collisioncodegen_CollisionGeometry.obj
 0001:0003c1d0       ??$_Destroy_range@V?$allocator@N@std@@@std@@YAXPEANQEANAEAV?$allocator@N@0@@Z 000000018003d1d0 f i collisioncodegen_CollisionGeometry.obj
 0001:0003c1e0       ??$_Destroy_range@V?$allocator@U_ccd_vec3_t@@@std@@@std@@YAXPEAU_ccd_vec3_t@@QEAU1@AEAV?$allocator@U_ccd_vec3_t@@@0@@Z 000000018003d1e0 f i collisioncodegen_CollisionGeometry.obj
 0001:0003c1f0       ??$_Destroy_range@V?$allocator@U_idx_vec3_t@shared_robotics@@@std@@@std@@YAXPEAU_idx_vec3_t@shared_robotics@@QEAU12@AEAV?$allocator@U_idx_vec3_t@shared_robotics@@@0@@Z 000000018003d1f0 f i collisioncodegen_CollisionGeometry.obj
 0001:0003c200       ??$_Destroy_range@V?$allocator@V?$vector@_KV?$allocator@_K@std@@@std@@@std@@@std@@YAXPEAV?$vector@_KV?$allocator@_K@std@@@0@QEAV10@AEAV?$allocator@V?$vector@_KV?$allocator@_K@std@@@std@@@0@@Z 000000018003d200 f i collisioncodegen_CollisionGeometry.obj
 0001:0003c250       ??$_Destroy_range@V?$allocator@_K@std@@@std@@YAXPEA_KQEA_KAEAV?$allocator@_K@0@@Z 000000018003d250 f i collisioncodegen_CollisionGeometry.obj
 0001:0003c260       ??$_Emplace_back@$$V@?$_Uninitialized_backout_al@V?$allocator@V?$vector@_KV?$allocator@_K@std@@@std@@@std@@@std@@QEAAXXZ 000000018003d260 f i collisioncodegen_CollisionGeometry.obj
 0001:0003c2b0       ??$_Emplace_back@V?$vector@_KV?$allocator@_K@std@@@std@@@?$_Uninitialized_backout_al@V?$allocator@V?$vector@_KV?$allocator@_K@std@@@std@@@std@@@std@@QEAAX$$QEAV?$vector@_KV?$allocator@_K@std@@@1@@Z 000000018003d2b0 f i collisioncodegen_CollisionGeometry.obj
 0001:0003c310       ??$_Emplace_back_with_unused_capacity@AEB_K@?$vector@_KV?$allocator@_K@std@@@std@@AEAAXAEB_K@Z 000000018003d310 f i collisioncodegen_CollisionGeometry.obj
 0001:0003c3c0       ??$_Emplace_back_with_unused_capacity@N@?$vector@NV?$allocator@N@std@@@std@@AEAAX$$QEAN@Z 000000018003d3c0 f i collisioncodegen_CollisionGeometry.obj
 0001:0003c470       ??$_Emplace_reallocate@AEB_K@?$vector@_KV?$allocator@_K@std@@@std@@QEAAPEA_KQEA_KAEB_K@Z 000000018003d470 f i collisioncodegen_CollisionGeometry.obj
 0001:0003c680       ??$_Emplace_reallocate@N@?$vector@NV?$allocator@N@std@@@std@@QEAAPEANQEAN$$QEAN@Z 000000018003d680 f i collisioncodegen_CollisionGeometry.obj
 0001:0003c890       ??$_Get_size_of_n@$07@std@@YA_K_K@Z 000000018003d890 f i collisioncodegen_CollisionGeometry.obj
 0001:0003c8e0       ??$_Get_size_of_n@$0BI@@std@@YA_K_K@Z 000000018003d8e0 f i collisioncodegen_CollisionGeometry.obj
 0001:0003c920       ??$_Get_unwrapped@AEAV?$_Vector_iterator@V?$_Vector_val@U?$_Simple_types@N@std@@@std@@@std@@@std@@YAPEANAEAV?$_Vector_iterator@V?$_Vector_val@U?$_Simple_types@N@std@@@std@@@0@@Z 000000018003d920 f i collisioncodegen_CollisionGeometry.obj
 0001:0003c940       ??$_Get_unwrapped@AEAV?$_Vector_iterator@V?$_Vector_val@U?$_Simple_types@_K@std@@@std@@@std@@@std@@YAPEA_KAEAV?$_Vector_iterator@V?$_Vector_val@U?$_Simple_types@_K@std@@@std@@@0@@Z 000000018003d940 f i collisioncodegen_CollisionGeometry.obj
 0001:0003c960       ??$_Get_unwrapped@AEBQEAN@std@@YAPEANAEBQEAN@Z 000000018003d960 f i collisioncodegen_CollisionGeometry.obj
 0001:0003c970       ??$_Get_unwrapped@AEBQEAV?$vector@_KV?$allocator@_K@std@@@std@@@std@@YAPEAV?$vector@_KV?$allocator@_K@std@@@0@AEBQEAV10@@Z 000000018003d970 f i collisioncodegen_CollisionGeometry.obj
 0001:0003c980       ??$_Get_unwrapped@AEBQEA_K@std@@YAPEA_KAEBQEA_K@Z 000000018003d980 f i collisioncodegen_CollisionGeometry.obj
 0001:0003c990       ??$_Get_unwrapped@AEBV?$_Vector_iterator@V?$_Vector_val@U?$_Simple_types@_K@std@@@std@@@std@@@std@@YAPEA_KAEBV?$_Vector_iterator@V?$_Vector_val@U?$_Simple_types@_K@std@@@std@@@0@@Z 000000018003d990 f i collisioncodegen_CollisionGeometry.obj
 0001:0003c9b0       ??$_Guess_median_unchecked@PEA_KU?$less@X@std@@@std@@YAXPEA_K00U?$less@X@0@@Z 000000018003d9b0 f i collisioncodegen_CollisionGeometry.obj
 0001:0003cb10       ??$_Insertion_sort_unchecked@PEA_KU?$less@X@std@@@std@@YAPEA_KPEA_KQEA_KU?$less@X@0@@Z 000000018003db10 f i collisioncodegen_CollisionGeometry.obj
 0001:0003cc50       ??$_Make_heap_unchecked@PEA_KU?$less@X@std@@@std@@YAXPEA_K0U?$less@X@0@@Z 000000018003dc50 f i collisioncodegen_CollisionGeometry.obj
 0001:0003ccf0       ??$_Max_element_unchecked@PEANU?$less@X@std@@@std@@YAPEANPEAN0U?$less@X@0@@Z 000000018003dcf0 f i collisioncodegen_CollisionGeometry.obj
 0001:0003cd70       ??$_Med3_unchecked@PEA_KU?$less@X@std@@@std@@YAXPEA_K00U?$less@X@0@@Z 000000018003dd70 f i collisioncodegen_CollisionGeometry.obj
 0001:0003ce10       ??$_Move_backward_unchecked@PEA_KPEA_K@std@@YAPEA_KPEA_K00@Z 000000018003de10 f i collisioncodegen_CollisionGeometry.obj
 0001:0003ce90       ??$_Move_unchecked@PEA_KPEA_K@std@@YAPEA_KPEA_K00@Z 000000018003de90 f i collisioncodegen_CollisionGeometry.obj
 0001:0003cf10       ??$_Next_iter@PEA_K@std@@YAPEA_KPEA_K@Z 000000018003df10 f i collisioncodegen_CollisionGeometry.obj
 0001:0003cf30       ??$_Partition_by_median_guess_unchecked@PEA_KU?$less@X@std@@@std@@YA?AU?$pair@PEA_KPEA_K@0@PEA_K0U?$less@X@0@@Z 000000018003df30 f i collisioncodegen_CollisionGeometry.obj
 0001:0003d2e0       ??$_Pass_fn@U?$less@X@std@@$0A@@std@@YA?AU?$less@X@0@U10@@Z 000000018003e2e0 f i collisioncodegen_CollisionGeometry.obj
 0001:0003d2f0       ??$_Pop_heap_hole_by_index@PEA_K_KU?$less@X@std@@@std@@YAXPEA_K_J1$$QEA_KU?$less@X@0@@Z 000000018003e2f0 f i collisioncodegen_CollisionGeometry.obj
 0001:0003d450       ??$_Pop_heap_hole_unchecked@PEA_K_KU?$less@X@std@@@std@@YAXPEA_K00$$QEA_KU?$less@X@0@@Z 000000018003e450 f i collisioncodegen_CollisionGeometry.obj
 0001:0003d4c0       ??$_Pop_heap_unchecked@PEA_KU?$less@X@std@@@std@@YAXPEA_K0U?$less@X@0@@Z 000000018003e4c0 f i collisioncodegen_CollisionGeometry.obj
 0001:0003d540       ??$_Prev_iter@PEA_K@std@@YAPEA_KPEA_K@Z 000000018003e540 f i collisioncodegen_CollisionGeometry.obj
 0001:0003d560       ??$_Push_heap_by_index@PEA_K_KU?$less@X@std@@@std@@YAXPEA_K_J1$$QEA_KU?$less@X@0@@Z 000000018003e560 f i collisioncodegen_CollisionGeometry.obj
 0001:0003d620       ??$_Refancy@PEAN$0A@@std@@YAPEANPEAN@Z 000000018003e620 f i collisioncodegen_CollisionGeometry.obj
 0001:0003d630       ??$_Refancy@PEA_K$0A@@std@@YAPEA_KPEA_K@Z 000000018003e630 f i collisioncodegen_CollisionGeometry.obj
 0001:0003d640       ??$_Resize@U_Value_init_tag@std@@@?$vector@V?$vector@_KV?$allocator@_K@std@@@std@@V?$allocator@V?$vector@_KV?$allocator@_K@std@@@std@@@2@@std@@AEAAX_KAEBU_Value_init_tag@1@@Z 000000018003e640 f i collisioncodegen_CollisionGeometry.obj
 0001:0003d7b0       ??$_Resize@U_Value_init_tag@std@@@?$vector@_KV?$allocator@_K@std@@@std@@AEAAX_KAEBU_Value_init_tag@1@@Z 000000018003e7b0 f i collisioncodegen_CollisionGeometry.obj
 0001:0003d920       ??$_Resize_reallocate@U_Value_init_tag@std@@@?$vector@V?$vector@_KV?$allocator@_K@std@@@std@@V?$allocator@V?$vector@_KV?$allocator@_K@std@@@std@@@2@@std@@AEAAX_KAEBU_Value_init_tag@1@@Z 000000018003e920 f i collisioncodegen_CollisionGeometry.obj
 0001:0003da80       ??$_Resize_reallocate@U_Value_init_tag@std@@@?$vector@_KV?$allocator@_K@std@@@std@@AEAAX_KAEBU_Value_init_tag@1@@Z 000000018003ea80 f i collisioncodegen_CollisionGeometry.obj
 0001:0003dbe0       ??$_Seek_wrapped@V?$_Vector_iterator@V?$_Vector_val@U?$_Simple_types@N@std@@@std@@@std@@PEAN@std@@YAXAEAV?$_Vector_iterator@V?$_Vector_val@U?$_Simple_types@N@std@@@std@@@0@$$QEAPEAN@Z 000000018003ebe0 f i collisioncodegen_CollisionGeometry.obj
 0001:0003dc10       ??$_Seek_wrapped@V?$_Vector_iterator@V?$_Vector_val@U?$_Simple_types@_K@std@@@std@@@std@@AEAPEA_K@std@@YAXAEAV?$_Vector_iterator@V?$_Vector_val@U?$_Simple_types@_K@std@@@std@@@0@AEAPEA_K@Z 000000018003ec10 f i collisioncodegen_CollisionGeometry.obj
 0001:0003dc40       ??$_Seek_wrapped@V?$_Vector_iterator@V?$_Vector_val@U?$_Simple_types@_K@std@@@std@@@std@@AEBQEA_K@std@@YAXAEAV?$_Vector_iterator@V?$_Vector_val@U?$_Simple_types@_K@std@@@std@@@0@AEBQEA_K@Z 000000018003ec40 f i collisioncodegen_CollisionGeometry.obj
 0001:0003dc70       ??$_Sort_heap_unchecked@PEA_KU?$less@X@std@@@std@@YAXPEA_K0U?$less@X@0@@Z 000000018003ec70 f i collisioncodegen_CollisionGeometry.obj
 0001:0003dcd0       ??$_Sort_unchecked@PEA_KU?$less@X@std@@@std@@YAXPEA_K0_JU?$less@X@0@@Z 000000018003ecd0 f i collisioncodegen_CollisionGeometry.obj
 0001:0003de10       ??$_Unfancy@N@std@@YAPEANPEAN@Z 000000018003ee10 f i collisioncodegen_CollisionGeometry.obj
 0001:0003de20       ??$_Unfancy@V?$vector@_KV?$allocator@_K@std@@@std@@@std@@YAPEAV?$vector@_KV?$allocator@_K@std@@@0@PEAV10@@Z 000000018003ee20 f i collisioncodegen_CollisionGeometry.obj
 0001:0003de30       ??$_Unfancy@_K@std@@YAPEA_KPEA_K@Z 000000018003ee30 f i collisioncodegen_CollisionGeometry.obj
 0001:0003de40       ??$_Uninitialized_move@PEANV?$allocator@N@std@@@std@@YAPEANQEAN0PEANAEAV?$allocator@N@0@@Z 000000018003ee40 f i collisioncodegen_CollisionGeometry.obj
 0001:0003dec0       ??$_Uninitialized_move@PEAV?$vector@_KV?$allocator@_K@std@@@std@@V?$allocator@V?$vector@_KV?$allocator@_K@std@@@std@@@2@@std@@YAPEAV?$vector@_KV?$allocator@_K@std@@@0@QEAV10@0PEAV10@AEAV?$allocator@V?$vector@_KV?$allocator@_K@std@@@std@@@0@@Z 000000018003eec0 f i collisioncodegen_CollisionGeometry.obj
 0001:0003df70       ??$_Uninitialized_move@PEA_KV?$allocator@_K@std@@@std@@YAPEA_KQEA_K0PEA_KAEAV?$allocator@_K@0@@Z 000000018003ef70 f i collisioncodegen_CollisionGeometry.obj
 0001:0003dff0       ??$_Uninitialized_value_construct_n@V?$allocator@V?$vector@_KV?$allocator@_K@std@@@std@@@std@@@std@@YAPEAV?$vector@_KV?$allocator@_K@std@@@0@PEAV10@_KAEAV?$allocator@V?$vector@_KV?$allocator@_K@std@@@std@@@0@@Z 000000018003eff0 f i collisioncodegen_CollisionGeometry.obj
 0001:0003e060       ??$_Uninitialized_value_construct_n@V?$allocator@_K@std@@@std@@YAPEA_KPEA_K_KAEAV?$allocator@_K@0@@Z 000000018003f060 f i collisioncodegen_CollisionGeometry.obj
 0001:0003e0b0       ??$_Zero_range@PEA_K@std@@YAPEA_KQEA_K0@Z 000000018003f0b0 f i collisioncodegen_CollisionGeometry.obj
 0001:0003e100       ??$addressof@V?$_Vector_val@U?$_Simple_types@N@std@@@std@@@std@@YAPEAV?$_Vector_val@U?$_Simple_types@N@std@@@0@AEAV10@@Z 000000018003f100 f i collisioncodegen_CollisionGeometry.obj
 0001:0003e110       ??$addressof@V?$_Vector_val@U?$_Simple_types@_K@std@@@std@@@std@@YAPEAV?$_Vector_val@U?$_Simple_types@_K@std@@@0@AEAV10@@Z 000000018003f110 f i collisioncodegen_CollisionGeometry.obj
 0001:0003e120       ??$construct@NN@?$_Default_allocator_traits@V?$allocator@N@std@@@std@@SAXAEAV?$allocator@N@1@QEAN$$QEAN@Z 000000018003f120 f i collisioncodegen_CollisionGeometry.obj
 0001:0003e170       ??$construct@V?$vector@_KV?$allocator@_K@std@@@std@@$$V@?$_Default_allocator_traits@V?$allocator@V?$vector@_KV?$allocator@_K@std@@@std@@@std@@@std@@SAXAEAV?$allocator@V?$vector@_KV?$allocator@_K@std@@@std@@@1@QEAV?$vector@_KV?$allocator@_K@std@@@1@@Z 000000018003f170 f i collisioncodegen_CollisionGeometry.obj
 0001:0003e1b0       ??$construct@V?$vector@_KV?$allocator@_K@std@@@std@@V12@@?$_Default_allocator_traits@V?$allocator@V?$vector@_KV?$allocator@_K@std@@@std@@@std@@@std@@SAXAEAV?$allocator@V?$vector@_KV?$allocator@_K@std@@@std@@@1@QEAV?$vector@_KV?$allocator@_K@std@@@1@$$QEAV31@@Z 000000018003f1b0 f i collisioncodegen_CollisionGeometry.obj
 0001:0003e200       ??$construct@_KAEB_K@?$_Default_allocator_traits@V?$allocator@_K@std@@@std@@SAXAEAV?$allocator@_K@1@QEA_KAEB_K@Z 000000018003f200 f i collisioncodegen_CollisionGeometry.obj
 0001:0003e250       ??$destroy@V?$vector@_KV?$allocator@_K@std@@@std@@@?$_Default_allocator_traits@V?$allocator@V?$vector@_KV?$allocator@_K@std@@@std@@@std@@@std@@SAXAEAV?$allocator@V?$vector@_KV?$allocator@_K@std@@@std@@@1@QEAV?$vector@_KV?$allocator@_K@std@@@1@@Z 000000018003f250 f i collisioncodegen_CollisionGeometry.obj
 0001:0003e270       ??$emplace_back@AEB_K@?$vector@_KV?$allocator@_K@std@@@std@@QEAAXAEB_K@Z 000000018003f270 f i collisioncodegen_CollisionGeometry.obj
 0001:0003e2f0       ??$emplace_back@N@?$vector@NV?$allocator@N@std@@@std@@QEAAX$$QEAN@Z 000000018003f2f0 f i collisioncodegen_CollisionGeometry.obj
 0001:0003e370       ??$endl@DU?$char_traits@D@std@@@std@@YAAEAV?$basic_ostream@DU?$char_traits@D@std@@@0@AEAV10@@Z 000000018003f370 f i collisioncodegen_CollisionGeometry.obj
 0001:0003e3c0       ??$forward@AEAPEA_K@std@@YAAEAPEA_KAEAPEA_K@Z 000000018003f3c0 f i collisioncodegen_CollisionGeometry.obj
 0001:0003e3d0       ??$forward@AEB_K@std@@YAAEB_KAEB_K@Z 000000018003f3d0 f i collisioncodegen_CollisionGeometry.obj
 0001:0003e3e0       ??$forward@N@std@@YA$$QEANAEAN@Z 000000018003f3e0 f i collisioncodegen_CollisionGeometry.obj
 0001:0003e3f0       ??$forward@V?$allocator@_K@std@@@std@@YA$$QEAV?$allocator@_K@0@AEAV10@@Z 000000018003f3f0 f i collisioncodegen_CollisionGeometry.obj
 0001:0003e400       ??$forward@V?$vector@_KV?$allocator@_K@std@@@std@@@std@@YA$$QEAV?$vector@_KV?$allocator@_K@std@@@0@AEAV10@@Z 000000018003f400 f i collisioncodegen_CollisionGeometry.obj
 0001:0003e410       ??$iter_swap@PEA_KPEA_K@std@@YAXPEA_K0@Z 000000018003f410 f i collisioncodegen_CollisionGeometry.obj
 0001:0003e440       ??$max_element@V?$_Vector_iterator@V?$_Vector_val@U?$_Simple_types@N@std@@@std@@@std@@@std@@YA?AV?$_Vector_iterator@V?$_Vector_val@U?$_Simple_types@N@std@@@std@@@0@V10@0@Z 000000018003f440 f i collisioncodegen_CollisionGeometry.obj
 0001:0003e480       ??$max_element@V?$_Vector_iterator@V?$_Vector_val@U?$_Simple_types@N@std@@@std@@@std@@U?$less@X@2@@std@@YA?AV?$_Vector_iterator@V?$_Vector_val@U?$_Simple_types@N@std@@@std@@@0@V10@0U?$less@X@0@@Z 000000018003f480 f i collisioncodegen_CollisionGeometry.obj
 0001:0003e510       ??$min@_K@std@@YAAEB_KAEB_K0@Z 000000018003f510 f i collisioncodegen_CollisionGeometry.obj
 0001:0003e560       ??$move@AEAN@std@@YA$$QEANAEAN@Z 000000018003f560 f i collisioncodegen_CollisionGeometry.obj
 0001:0003e570       ??$move@AEAV?$allocator@_K@std@@@std@@YA$$QEAV?$allocator@_K@0@AEAV10@@Z 000000018003f570 f i collisioncodegen_CollisionGeometry.obj
 0001:0003e580       ??$move@AEAV?$vector@_KV?$allocator@_K@std@@@std@@@std@@YA$$QEAV?$vector@_KV?$allocator@_K@std@@@0@AEAV10@@Z 000000018003f580 f i collisioncodegen_CollisionGeometry.obj
 0001:0003e590       ??$move@AEA_K@std@@YA$$QEA_KAEA_K@Z 000000018003f590 f i collisioncodegen_CollisionGeometry.obj
 0001:0003e5a0       ??$sort@V?$_Vector_iterator@V?$_Vector_val@U?$_Simple_types@_K@std@@@std@@@std@@@std@@YAXV?$_Vector_iterator@V?$_Vector_val@U?$_Simple_types@_K@std@@@std@@@0@0@Z 000000018003f5a0 f i collisioncodegen_CollisionGeometry.obj
 0001:0003e5d0       ??$sort@V?$_Vector_iterator@V?$_Vector_val@U?$_Simple_types@_K@std@@@std@@@std@@U?$less@X@2@@std@@YAXV?$_Vector_iterator@V?$_Vector_val@U?$_Simple_types@_K@std@@@std@@@0@0U?$less@X@0@@Z 000000018003f5d0 f i collisioncodegen_CollisionGeometry.obj
 0001:0003e650       ??$swap@_K$0A@@std@@YAXAEA_K0@Z 000000018003f650 f i collisioncodegen_CollisionGeometry.obj
 0001:0003e6a0       ??$unique@V?$_Vector_iterator@V?$_Vector_val@U?$_Simple_types@_K@std@@@std@@@std@@@std@@YA?AV?$_Vector_iterator@V?$_Vector_val@U?$_Simple_types@_K@std@@@std@@@0@V10@0@Z 000000018003f6a0 f i collisioncodegen_CollisionGeometry.obj
 0001:0003e6e0       ??$unique@V?$_Vector_iterator@V?$_Vector_val@U?$_Simple_types@_K@std@@@std@@@std@@U?$equal_to@X@2@@std@@YA?AV?$_Vector_iterator@V?$_Vector_val@U?$_Simple_types@_K@std@@@std@@@0@V10@0U?$equal_to@X@0@@Z 000000018003f6e0 f i collisioncodegen_CollisionGeometry.obj
 0001:0003e840       ??0?$_Uninitialized_backout_al@V?$allocator@V?$vector@_KV?$allocator@_K@std@@@std@@@std@@@std@@QEAA@PEAV?$vector@_KV?$allocator@_K@std@@@1@AEAV?$allocator@V?$vector@_KV?$allocator@_K@std@@@std@@@1@@Z 000000018003f840 f i collisioncodegen_CollisionGeometry.obj
 0001:0003e880       ??0?$_Vector_const_iterator@V?$_Vector_val@U?$_Simple_types@N@std@@@std@@@std@@QEAA@PEANPEBU_Container_base0@1@@Z 000000018003f880 f i collisioncodegen_CollisionGeometry.obj
 0001:0003e8c0       ??0?$_Vector_const_iterator@V?$_Vector_val@U?$_Simple_types@_K@std@@@std@@@std@@QEAA@PEA_KPEBU_Container_base0@1@@Z 000000018003f8c0 f i collisioncodegen_CollisionGeometry.obj
 0001:0003e900       ??0?$_Vector_iterator@V?$_Vector_val@U?$_Simple_types@N@std@@@std@@@std@@QEAA@PEANPEBU_Container_base0@1@@Z 000000018003f900 f i collisioncodegen_CollisionGeometry.obj
 0001:0003e940       ??0?$_Vector_iterator@V?$_Vector_val@U?$_Simple_types@_K@std@@@std@@@std@@QEAA@PEA_KPEBU_Container_base0@1@@Z 000000018003f940 f i collisioncodegen_CollisionGeometry.obj
 0001:0003e980       ??0?$_Vector_val@U?$_Simple_types@N@std@@@std@@QEAA@XZ 000000018003f980 f i collisioncodegen_CollisionGeometry.obj
 0001:0003e9c0       ??0?$_Vector_val@U?$_Simple_types@_K@std@@@std@@QEAA@XZ 000000018003f9c0 f i collisioncodegen_CollisionGeometry.obj
 0001:0003ea00       ??0?$allocator@N@std@@QEAA@XZ 000000018003fa00 f i collisioncodegen_CollisionGeometry.obj
 0001:0003ea10       ??0?$allocator@_K@std@@QEAA@XZ 000000018003fa10 f i collisioncodegen_CollisionGeometry.obj
 0001:0003ea20       ??0?$vector@NV?$allocator@N@std@@@std@@QEAA@XZ 000000018003fa20 f i collisioncodegen_CollisionGeometry.obj
 0001:0003ea60       ??0?$vector@_KV?$allocator@_K@std@@@std@@QEAA@$$QEAV01@@Z 000000018003fa60 f i collisioncodegen_CollisionGeometry.obj
 0001:0003eae0       ??0?$vector@_KV?$allocator@_K@std@@@std@@QEAA@XZ 000000018003fae0 f i collisioncodegen_CollisionGeometry.obj
 0001:0003eb20       ??0_Sentry_base@?$basic_ostream@DU?$char_traits@D@std@@@std@@QEAA@AEAV12@@Z 000000018003fb20 f i collisioncodegen_CollisionGeometry.obj
 0001:0003eb90       ??0bad_alloc@std@@AEAA@QEBD@Z 000000018003fb90 f i collisioncodegen_CollisionGeometry.obj
 0001:0003ebd0       ??0bad_alloc@std@@QEAA@AEBV01@@Z 000000018003fbd0 f i collisioncodegen_CollisionGeometry.obj
 0001:0003ec10       ??0bad_array_new_length@std@@QEAA@AEBV01@@Z 000000018003fc10 f i collisioncodegen_CollisionGeometry.obj
 0001:0003ec50       ??0bad_array_new_length@std@@QEAA@XZ 000000018003fc50 f i collisioncodegen_CollisionGeometry.obj
 0001:0003ec90       ??0exception@std@@QEAA@AEBV01@@Z 000000018003fc90 f i collisioncodegen_CollisionGeometry.obj
 0001:0003ecf0       ??0exception@std@@QEAA@QEBDH@Z 000000018003fcf0 f i collisioncodegen_CollisionGeometry.obj
 0001:0003ed40       ??0sentry@?$basic_ostream@DU?$char_traits@D@std@@@std@@QEAA@AEAV12@@Z 000000018003fd40 f i collisioncodegen_CollisionGeometry.obj
 0001:0003ee20       ??1?$_Uninitialized_backout_al@V?$allocator@V?$vector@_KV?$allocator@_K@std@@@std@@@std@@@std@@QEAA@XZ 000000018003fe20 f i collisioncodegen_CollisionGeometry.obj
 0001:0003ee50       ??1?$vector@NV?$allocator@N@std@@@std@@QEAA@XZ 000000018003fe50 f i collisioncodegen_CollisionGeometry.obj
 0001:0003ee70       ??1?$vector@U_ccd_vec3_t@@V?$allocator@U_ccd_vec3_t@@@std@@@std@@QEAA@XZ 000000018003fe70 f i collisioncodegen_CollisionGeometry.obj
 0001:0003ee90       ??1?$vector@U_idx_vec3_t@shared_robotics@@V?$allocator@U_idx_vec3_t@shared_robotics@@@std@@@std@@QEAA@XZ 000000018003fe90 f i collisioncodegen_CollisionGeometry.obj
 0001:0003eeb0       ??1?$vector@V?$vector@_KV?$allocator@_K@std@@@std@@V?$allocator@V?$vector@_KV?$allocator@_K@std@@@std@@@2@@std@@QEAA@XZ 000000018003feb0 f i collisioncodegen_CollisionGeometry.obj
 0001:0003eed0       ??1?$vector@_KV?$allocator@_K@std@@@std@@QEAA@XZ 000000018003fed0 f i collisioncodegen_CollisionGeometry.obj
 0001:0003eef0       ??1_Sentry_base@?$basic_ostream@DU?$char_traits@D@std@@@std@@QEAA@XZ 000000018003fef0 f i collisioncodegen_CollisionGeometry.obj
 0001:0003ef50       ??1bad_alloc@std@@UEAA@XZ  000000018003ff50 f i collisioncodegen_CollisionGeometry.obj
 0001:0003ef70       ??1bad_array_new_length@std@@UEAA@XZ 000000018003ff70 f i collisioncodegen_CollisionGeometry.obj
 0001:0003ef90       ??1exception@std@@UEAA@XZ  000000018003ff90 f i collisioncodegen_CollisionGeometry.obj
 0001:0003efc0       ??1sentry@?$basic_ostream@DU?$char_traits@D@std@@@std@@QEAA@XZ 000000018003ffc0 f i collisioncodegen_CollisionGeometry.obj
 0001:0003f020       ??2@YAPEAX_KPEAX@Z         0000000180040020 f i collisioncodegen_CollisionGeometry.obj
 0001:0003f030       ??A?$vector@U_ccd_vec3_t@@V?$allocator@U_ccd_vec3_t@@@std@@@std@@QEBAAEBU_ccd_vec3_t@@_K@Z 0000000180040030 f i collisioncodegen_CollisionGeometry.obj
 0001:0003f060       ??A?$vector@U_idx_vec3_t@shared_robotics@@V?$allocator@U_idx_vec3_t@shared_robotics@@@std@@@std@@QEAAAEAU_idx_vec3_t@shared_robotics@@_K@Z 0000000180040060 f i collisioncodegen_CollisionGeometry.obj
 0001:0003f090       ??A?$vector@V?$vector@_KV?$allocator@_K@std@@@std@@V?$allocator@V?$vector@_KV?$allocator@_K@std@@@std@@@2@@std@@QEAAAEAV?$vector@_KV?$allocator@_K@std@@@1@_K@Z 0000000180040090 f i collisioncodegen_CollisionGeometry.obj
 0001:0003f0c0       ??A?$vector@V?$vector@_KV?$allocator@_K@std@@@std@@V?$allocator@V?$vector@_KV?$allocator@_K@std@@@std@@@2@@std@@QEBAAEBV?$vector@_KV?$allocator@_K@std@@@1@_K@Z 00000001800400c0 f i collisioncodegen_CollisionGeometry.obj
 0001:0003f0f0       ??A?$vector@_KV?$allocator@_K@std@@@std@@QEBAAEB_K_K@Z 00000001800400f0 f i collisioncodegen_CollisionGeometry.obj
 0001:0003f120       ??Bsentry@?$basic_ostream@DU?$char_traits@D@std@@@std@@QEBA_NXZ 0000000180040120 f i collisioncodegen_CollisionGeometry.obj
 0001:0003f130       ??G?$_Vector_const_iterator@V?$_Vector_val@U?$_Simple_types@N@std@@@std@@@std@@QEBA_JAEBV01@@Z 0000000180040130 f i collisioncodegen_CollisionGeometry.obj
 0001:0003f170       ??_G?$vector@_KV?$allocator@_K@std@@@std@@QEAAPEAXI@Z 0000000180040170 f i collisioncodegen_CollisionGeometry.obj
 0001:0003f1b0       ??_ECollisionGeometry@shared_robotics@@UEAAPEAXI@Z 00000001800401b0 f i collisioncodegen_CollisionGeometry.obj
 0001:0003f1b0       ??_GCollisionGeometry@shared_robotics@@UEAAPEAXI@Z 00000001800401b0 f i collisioncodegen_CollisionGeometry.obj
 0001:0003f1f0       ??_Gbad_alloc@std@@UEAAPEAXI@Z 00000001800401f0 f i collisioncodegen_CollisionGeometry.obj
 0001:0003f1f0       ??_Ebad_alloc@std@@UEAAPEAXI@Z 00000001800401f0 f i collisioncodegen_CollisionGeometry.obj
 0001:0003f230       ??_Ebad_array_new_length@std@@UEAAPEAXI@Z 0000000180040230 f i collisioncodegen_CollisionGeometry.obj
 0001:0003f230       ??_Gbad_array_new_length@std@@UEAAPEAXI@Z 0000000180040230 f i collisioncodegen_CollisionGeometry.obj
 0001:0003f270       ??_Gexception@std@@UEAAPEAXI@Z 0000000180040270 f i collisioncodegen_CollisionGeometry.obj
 0001:0003f270       ??_Eexception@std@@UEAAPEAXI@Z 0000000180040270 f i collisioncodegen_CollisionGeometry.obj
 0001:0003f2b0       ?_Adjust_manually_vector_aligned@std@@YAXAEAPEAXAEA_K@Z 00000001800402b0 f i collisioncodegen_CollisionGeometry.obj
 0001:0003f350       ?_Adopt@_Iterator_base0@std@@QEAAXPEBX@Z 0000000180040350 f i collisioncodegen_CollisionGeometry.obj
 0001:0003f360       ?_Alloc_proxy@_Container_base0@std@@QEAAXAEBU_Fake_allocator@2@@Z 0000000180040360 f i collisioncodegen_CollisionGeometry.obj
 0001:0003f370       ?_Allocate@_Default_allocate_traits@std@@SAPEAX_K@Z 0000000180040370 f i collisioncodegen_CollisionGeometry.obj
 0001:0003f390       ?_Calculate_growth@?$vector@NV?$allocator@N@std@@@std@@AEBA_K_K@Z 0000000180040390 f i collisioncodegen_CollisionGeometry.obj
 0001:0003f420       ?_Calculate_growth@?$vector@V?$vector@_KV?$allocator@_K@std@@@std@@V?$allocator@V?$vector@_KV?$allocator@_K@std@@@std@@@2@@std@@AEBA_K_K@Z 0000000180040420 f i collisioncodegen_CollisionGeometry.obj
 0001:0003f4b0       ?_Calculate_growth@?$vector@_KV?$allocator@_K@std@@@std@@AEBA_K_K@Z 00000001800404b0 f i collisioncodegen_CollisionGeometry.obj
 0001:0003f540       ?_Change_array@?$vector@NV?$allocator@N@std@@@std@@AEAAXQEAN_K1@Z 0000000180040540 f i collisioncodegen_CollisionGeometry.obj
 0001:0003f640       ?_Change_array@?$vector@V?$vector@_KV?$allocator@_K@std@@@std@@V?$allocator@V?$vector@_KV?$allocator@_K@std@@@std@@@2@@std@@AEAAXQEAV?$vector@_KV?$allocator@_K@std@@@2@_K1@Z 0000000180040640 f i collisioncodegen_CollisionGeometry.obj
 0001:0003f740       ?_Change_array@?$vector@_KV?$allocator@_K@std@@@std@@AEAAXQEA_K_K1@Z 0000000180040740 f i collisioncodegen_CollisionGeometry.obj
 0001:0003f840       ?_Compat@?$_Vector_const_iterator@V?$_Vector_val@U?$_Simple_types@N@std@@@std@@@std@@QEBAXAEBV12@@Z 0000000180040840 f i collisioncodegen_CollisionGeometry.obj
 0001:0003f850       ?_Destroy@?$vector@NV?$allocator@N@std@@@std@@AEAAXPEAN0@Z 0000000180040850 f i collisioncodegen_CollisionGeometry.obj
 0001:0003f890       ?_Destroy@?$vector@U_ccd_vec3_t@@V?$allocator@U_ccd_vec3_t@@@std@@@std@@AEAAXPEAU_ccd_vec3_t@@0@Z 0000000180040890 f i collisioncodegen_CollisionGeometry.obj
 0001:0003f8d0       ?_Destroy@?$vector@U_idx_vec3_t@shared_robotics@@V?$allocator@U_idx_vec3_t@shared_robotics@@@std@@@std@@AEAAXPEAU_idx_vec3_t@shared_robotics@@0@Z 00000001800408d0 f i collisioncodegen_CollisionGeometry.obj
 0001:0003f910       ?_Destroy@?$vector@V?$vector@_KV?$allocator@_K@std@@@std@@V?$allocator@V?$vector@_KV?$allocator@_K@std@@@std@@@2@@std@@AEAAXPEAV?$vector@_KV?$allocator@_K@std@@@2@0@Z 0000000180040910 f i collisioncodegen_CollisionGeometry.obj
 0001:0003f950       ?_Destroy@?$vector@_KV?$allocator@_K@std@@@std@@AEAAXPEA_K0@Z 0000000180040950 f i collisioncodegen_CollisionGeometry.obj
 0001:0003f990       ?_Get_first@?$_Compressed_pair@V?$allocator@N@std@@V?$_Vector_val@U?$_Simple_types@N@std@@@2@$00@std@@QEAAAEAV?$allocator@N@2@XZ 0000000180040990 f i collisioncodegen_CollisionGeometry.obj
 0001:0003f9a0       ?_Get_first@?$_Compressed_pair@V?$allocator@N@std@@V?$_Vector_val@U?$_Simple_types@N@std@@@2@$00@std@@QEBAAEBV?$allocator@N@2@XZ 00000001800409a0 f i collisioncodegen_CollisionGeometry.obj
 0001:0003f9b0       ?_Get_first@?$_Compressed_pair@V?$allocator@U_ccd_vec3_t@@@std@@V?$_Vector_val@U?$_Simple_types@U_ccd_vec3_t@@@std@@@2@$00@std@@QEAAAEAV?$allocator@U_ccd_vec3_t@@@2@XZ 00000001800409b0 f i collisioncodegen_CollisionGeometry.obj
 0001:0003f9c0       ?_Get_first@?$_Compressed_pair@V?$allocator@U_idx_vec3_t@shared_robotics@@@std@@V?$_Vector_val@U?$_Simple_types@U_idx_vec3_t@shared_robotics@@@std@@@2@$00@std@@QEAAAEAV?$allocator@U_idx_vec3_t@shared_robotics@@@2@XZ 00000001800409c0 f i collisioncodegen_CollisionGeometry.obj
 0001:0003f9d0       ?_Get_first@?$_Compressed_pair@V?$allocator@V?$vector@_KV?$allocator@_K@std@@@std@@@std@@V?$_Vector_val@U?$_Simple_types@V?$vector@_KV?$allocator@_K@std@@@std@@@std@@@2@$00@std@@QEAAAEAV?$allocator@V?$vector@_KV?$allocator@_K@std@@@std@@@2@XZ 00000001800409d0 f i collisioncodegen_CollisionGeometry.obj
 0001:0003f9e0       ?_Get_first@?$_Compressed_pair@V?$allocator@V?$vector@_KV?$allocator@_K@std@@@std@@@std@@V?$_Vector_val@U?$_Simple_types@V?$vector@_KV?$allocator@_K@std@@@std@@@std@@@2@$00@std@@QEBAAEBV?$allocator@V?$vector@_KV?$allocator@_K@std@@@std@@@2@XZ 00000001800409e0 f i collisioncodegen_CollisionGeometry.obj
 0001:0003f9f0       ?_Get_first@?$_Compressed_pair@V?$allocator@_K@std@@V?$_Vector_val@U?$_Simple_types@_K@std@@@2@$00@std@@QEAAAEAV?$allocator@_K@2@XZ 00000001800409f0 f i collisioncodegen_CollisionGeometry.obj
 0001:0003fa00       ?_Get_first@?$_Compressed_pair@V?$allocator@_K@std@@V?$_Vector_val@U?$_Simple_types@_K@std@@@2@$00@std@@QEBAAEBV?$allocator@_K@2@XZ 0000000180040a00 f i collisioncodegen_CollisionGeometry.obj
 0001:0003fa10       ?_Getal@?$vector@NV?$allocator@N@std@@@std@@AEAAAEAV?$allocator@N@2@XZ 0000000180040a10 f i collisioncodegen_CollisionGeometry.obj
 0001:0003fa30       ?_Getal@?$vector@NV?$allocator@N@std@@@std@@AEBAAEBV?$allocator@N@2@XZ 0000000180040a30 f i collisioncodegen_CollisionGeometry.obj
 0001:0003fa50       ?_Getal@?$vector@U_ccd_vec3_t@@V?$allocator@U_ccd_vec3_t@@@std@@@std@@AEAAAEAV?$allocator@U_ccd_vec3_t@@@2@XZ 0000000180040a50 f i collisioncodegen_CollisionGeometry.obj
 0001:0003fa70       ?_Getal@?$vector@U_idx_vec3_t@shared_robotics@@V?$allocator@U_idx_vec3_t@shared_robotics@@@std@@@std@@AEAAAEAV?$allocator@U_idx_vec3_t@shared_robotics@@@2@XZ 0000000180040a70 f i collisioncodegen_CollisionGeometry.obj
 0001:0003fa90       ?_Getal@?$vector@V?$vector@_KV?$allocator@_K@std@@@std@@V?$allocator@V?$vector@_KV?$allocator@_K@std@@@std@@@2@@std@@AEAAAEAV?$allocator@V?$vector@_KV?$allocator@_K@std@@@std@@@2@XZ 0000000180040a90 f i collisioncodegen_CollisionGeometry.obj
 0001:0003fab0       ?_Getal@?$vector@V?$vector@_KV?$allocator@_K@std@@@std@@V?$allocator@V?$vector@_KV?$allocator@_K@std@@@std@@@2@@std@@AEBAAEBV?$allocator@V?$vector@_KV?$allocator@_K@std@@@std@@@2@XZ 0000000180040ab0 f i collisioncodegen_CollisionGeometry.obj
 0001:0003fad0       ?_Getal@?$vector@_KV?$allocator@_K@std@@@std@@AEAAAEAV?$allocator@_K@2@XZ 0000000180040ad0 f i collisioncodegen_CollisionGeometry.obj
 0001:0003faf0       ?_Getal@?$vector@_KV?$allocator@_K@std@@@std@@AEBAAEBV?$allocator@_K@2@XZ 0000000180040af0 f i collisioncodegen_CollisionGeometry.obj
 0001:0003fb10       ?_Move_construct@?$vector@_KV?$allocator@_K@std@@@std@@AEAAXAEAV12@U?$integral_constant@_N$00@2@@Z 0000000180040b10 f i collisioncodegen_CollisionGeometry.obj
 0001:0003fb40       ?_Orphan_all@_Container_base0@std@@QEAAXXZ 0000000180040b40 f i collisioncodegen_CollisionGeometry.obj
 0001:0003fb50       ?_Orphan_range@?$vector@NV?$allocator@N@std@@@std@@AEBAXPEAN0@Z 0000000180040b50 f i collisioncodegen_CollisionGeometry.obj
 0001:0003fb60       ?_Orphan_range@?$vector@V?$vector@_KV?$allocator@_K@std@@@std@@V?$allocator@V?$vector@_KV?$allocator@_K@std@@@std@@@2@@std@@AEBAXPEAV?$vector@_KV?$allocator@_K@std@@@2@0@Z 0000000180040b60 f i collisioncodegen_CollisionGeometry.obj
 0001:0003fb70       ?_Orphan_range@?$vector@_KV?$allocator@_K@std@@@std@@AEBAXPEA_K0@Z 0000000180040b70 f i collisioncodegen_CollisionGeometry.obj
 0001:0003fb80       ?_Release@?$_Uninitialized_backout_al@V?$allocator@V?$vector@_KV?$allocator@_K@std@@@std@@@std@@@std@@QEAAPEAV?$vector@_KV?$allocator@_K@std@@@2@XZ 0000000180040b80 f i collisioncodegen_CollisionGeometry.obj
 0001:0003fba0       ?_Seek_to@?$_Vector_const_iterator@V?$_Vector_val@U?$_Simple_types@N@std@@@std@@@std@@QEAAXPEBN@Z 0000000180040ba0 f i collisioncodegen_CollisionGeometry.obj
 0001:0003fbd0       ?_Seek_to@?$_Vector_const_iterator@V?$_Vector_val@U?$_Simple_types@_K@std@@@std@@@std@@QEAAXPEB_K@Z 0000000180040bd0 f i collisioncodegen_CollisionGeometry.obj
 0001:0003fc00       ?_Swap_proxy_and_iterators@_Container_base0@std@@QEAAXAEAU12@@Z 0000000180040c00 f i collisioncodegen_CollisionGeometry.obj
 0001:0003fc10       ?_Take_contents@?$_Vector_val@U?$_Simple_types@_K@std@@@std@@QEAAXAEAV12@@Z 0000000180040c10 f i collisioncodegen_CollisionGeometry.obj
 0001:0003fc90       ?_Throw_bad_array_new_length@std@@YAXXZ 0000000180040c90 f i collisioncodegen_CollisionGeometry.obj
 0001:0003fcc0       ?_Tidy@?$vector@NV?$allocator@N@std@@@std@@AEAAXXZ 0000000180040cc0 f i collisioncodegen_CollisionGeometry.obj
 0001:0003fd90       ?_Tidy@?$vector@U_ccd_vec3_t@@V?$allocator@U_ccd_vec3_t@@@std@@@std@@AEAAXXZ 0000000180040d90 f i collisioncodegen_CollisionGeometry.obj
 0001:0003fe70       ?_Tidy@?$vector@U_idx_vec3_t@shared_robotics@@V?$allocator@U_idx_vec3_t@shared_robotics@@@std@@@std@@AEAAXXZ 0000000180040e70 f i collisioncodegen_CollisionGeometry.obj
 0001:0003ff50       ?_Tidy@?$vector@V?$vector@_KV?$allocator@_K@std@@@std@@V?$allocator@V?$vector@_KV?$allocator@_K@std@@@std@@@2@@std@@AEAAXXZ 0000000180040f50 f i collisioncodegen_CollisionGeometry.obj
 0001:00040030       ?_Tidy@?$vector@_KV?$allocator@_K@std@@@std@@AEAAXXZ 0000000180041030 f i collisioncodegen_CollisionGeometry.obj
 0001:00040100       ?_Ufill@?$vector@V?$vector@_KV?$allocator@_K@std@@@std@@V?$allocator@V?$vector@_KV?$allocator@_K@std@@@std@@@2@@std@@AEAAPEAV?$vector@_KV?$allocator@_K@std@@@2@PEAV32@_KU_Value_init_tag@2@@Z 0000000180041100 f i collisioncodegen_CollisionGeometry.obj
 0001:00040140       ?_Ufill@?$vector@_KV?$allocator@_K@std@@@std@@AEAAPEA_KPEA_K_KU_Value_init_tag@2@@Z 0000000180041140 f i collisioncodegen_CollisionGeometry.obj
 0001:00040180       ?_Umove@?$vector@NV?$allocator@N@std@@@std@@AEAAPEANPEAN00@Z 0000000180041180 f i collisioncodegen_CollisionGeometry.obj
 0001:000401c0       ?_Umove@?$vector@_KV?$allocator@_K@std@@@std@@AEAAPEA_KPEA_K00@Z 00000001800411c0 f i collisioncodegen_CollisionGeometry.obj
 0001:00040200       ?_Umove_if_noexcept1@?$vector@NV?$allocator@N@std@@@std@@AEAAXPEAN00U?$integral_constant@_N$00@2@@Z 0000000180041200 f i collisioncodegen_CollisionGeometry.obj
 0001:00040240       ?_Umove_if_noexcept1@?$vector@V?$vector@_KV?$allocator@_K@std@@@std@@V?$allocator@V?$vector@_KV?$allocator@_K@std@@@std@@@2@@std@@AEAAXPEAV?$vector@_KV?$allocator@_K@std@@@2@00U?$integral_constant@_N$00@2@@Z 0000000180041240 f i collisioncodegen_CollisionGeometry.obj
 0001:00040280       ?_Umove_if_noexcept1@?$vector@_KV?$allocator@_K@std@@@std@@AEAAXPEA_K00U?$integral_constant@_N$00@2@@Z 0000000180041280 f i collisioncodegen_CollisionGeometry.obj
 0001:000402c0       ?_Umove_if_noexcept@?$vector@NV?$allocator@N@std@@@std@@AEAAXPEAN00@Z 00000001800412c0 f i collisioncodegen_CollisionGeometry.obj
 0001:00040320       ?_Umove_if_noexcept@?$vector@V?$vector@_KV?$allocator@_K@std@@@std@@V?$allocator@V?$vector@_KV?$allocator@_K@std@@@std@@@2@@std@@AEAAXPEAV?$vector@_KV?$allocator@_K@std@@@2@00@Z 0000000180041320 f i collisioncodegen_CollisionGeometry.obj
 0001:00040380       ?_Umove_if_noexcept@?$vector@_KV?$allocator@_K@std@@@std@@AEAAXPEA_K00@Z 0000000180041380 f i collisioncodegen_CollisionGeometry.obj
 0001:000403e0       ?_Unchecked_begin@?$vector@U_ccd_vec3_t@@V?$allocator@U_ccd_vec3_t@@@std@@@std@@QEBAPEBU_ccd_vec3_t@@XZ 00000001800413e0 f i collisioncodegen_CollisionGeometry.obj
 0001:000403f0       ?_Unchecked_end@?$vector@U_ccd_vec3_t@@V?$allocator@U_ccd_vec3_t@@@std@@@std@@QEBAPEBU_ccd_vec3_t@@XZ 00000001800413f0 f i collisioncodegen_CollisionGeometry.obj
 0001:00040400       ?_Unwrapped@?$_Vector_iterator@V?$_Vector_val@U?$_Simple_types@N@std@@@std@@@std@@QEBAPEANXZ 0000000180041400 f i collisioncodegen_CollisionGeometry.obj
 0001:00040420       ?_Unwrapped@?$_Vector_iterator@V?$_Vector_val@U?$_Simple_types@_K@std@@@std@@@std@@QEBAPEA_KXZ 0000000180041420 f i collisioncodegen_CollisionGeometry.obj
 0001:00040440       ?_Xlength@?$vector@NV?$allocator@N@std@@@std@@CAXXZ 0000000180041440 f i collisioncodegen_CollisionGeometry.obj
 0001:00040460       ?_Xlength@?$vector@V?$vector@_KV?$allocator@_K@std@@@std@@V?$allocator@V?$vector@_KV?$allocator@_K@std@@@std@@@2@@std@@CAXXZ 0000000180041460 f i collisioncodegen_CollisionGeometry.obj
 0001:00040480       ?_Xlength@?$vector@_KV?$allocator@_K@std@@@std@@CAXXZ 0000000180041480 f i collisioncodegen_CollisionGeometry.obj
 0001:000404a0       ?allocate@?$allocator@N@std@@QEAAPEAN_K@Z 00000001800414a0 f i collisioncodegen_CollisionGeometry.obj
 0001:000404d0       ?allocate@?$allocator@V?$vector@_KV?$allocator@_K@std@@@std@@@std@@QEAAPEAV?$vector@_KV?$allocator@_K@std@@@2@_K@Z 00000001800414d0 f i collisioncodegen_CollisionGeometry.obj
 0001:00040500       ?allocate@?$allocator@_K@std@@QEAAPEA_K_K@Z 0000000180041500 f i collisioncodegen_CollisionGeometry.obj
 0001:00040530       ?begin@?$vector@NV?$allocator@N@std@@@std@@QEAA?AV?$_Vector_iterator@V?$_Vector_val@U?$_Simple_types@N@std@@@std@@@2@XZ 0000000180041530 f i collisioncodegen_CollisionGeometry.obj
 0001:00040580       ?begin@?$vector@_KV?$allocator@_K@std@@@std@@QEAA?AV?$_Vector_iterator@V?$_Vector_val@U?$_Simple_types@_K@std@@@std@@@2@XZ 0000000180041580 f i collisioncodegen_CollisionGeometry.obj
 0001:000405d0       ?capacity@?$vector@NV?$allocator@N@std@@@std@@QEBA_KXZ 00000001800415d0 f i collisioncodegen_CollisionGeometry.obj
 0001:00040600       ?capacity@?$vector@V?$vector@_KV?$allocator@_K@std@@@std@@V?$allocator@V?$vector@_KV?$allocator@_K@std@@@std@@@2@@std@@QEBA_KXZ 0000000180041600 f i collisioncodegen_CollisionGeometry.obj
 0001:00040640       ?capacity@?$vector@_KV?$allocator@_K@std@@@std@@QEBA_KXZ 0000000180041640 f i collisioncodegen_CollisionGeometry.obj
 0001:00040670       ?clear@?$vector@_KV?$allocator@_K@std@@@std@@QEAAXXZ 0000000180041670 f i collisioncodegen_CollisionGeometry.obj
 0001:000406e0       ?deallocate@?$allocator@N@std@@QEAAXQEAN_K@Z 00000001800416e0 f i collisioncodegen_CollisionGeometry.obj
 0001:00040710       ?deallocate@?$allocator@U_ccd_vec3_t@@@std@@QEAAXQEAU_ccd_vec3_t@@_K@Z 0000000180041710 f i collisioncodegen_CollisionGeometry.obj
 0001:00040740       ?deallocate@?$allocator@U_idx_vec3_t@shared_robotics@@@std@@QEAAXQEAU_idx_vec3_t@shared_robotics@@_K@Z 0000000180041740 f i collisioncodegen_CollisionGeometry.obj
 0001:00040770       ?deallocate@?$allocator@V?$vector@_KV?$allocator@_K@std@@@std@@@std@@QEAAXQEAV?$vector@_KV?$allocator@_K@std@@@2@_K@Z 0000000180041770 f i collisioncodegen_CollisionGeometry.obj
 0001:000407a0       ?deallocate@?$allocator@_K@std@@QEAAXQEA_K_K@Z 00000001800417a0 f i collisioncodegen_CollisionGeometry.obj
 0001:000407d0       ?end@?$vector@NV?$allocator@N@std@@@std@@QEAA?AV?$_Vector_iterator@V?$_Vector_val@U?$_Simple_types@N@std@@@std@@@2@XZ 00000001800417d0 f i collisioncodegen_CollisionGeometry.obj
 0001:00040820       ?end@?$vector@_KV?$allocator@_K@std@@@std@@QEAA?AV?$_Vector_iterator@V?$_Vector_val@U?$_Simple_types@_K@std@@@std@@@2@XZ 0000000180041820 f i collisioncodegen_CollisionGeometry.obj
 0001:00040870       ?eof@?$_Narrow_char_traits@DH@std@@SAHXZ 0000000180041870 f i collisioncodegen_CollisionGeometry.obj
 0001:00040880       ?eq_int_type@?$_Narrow_char_traits@DH@std@@SA_NAEBH0@Z 0000000180041880 f i collisioncodegen_CollisionGeometry.obj
 0001:000408c0       ?erase@?$vector@_KV?$allocator@_K@std@@@std@@QEAA?AV?$_Vector_iterator@V?$_Vector_val@U?$_Simple_types@_K@std@@@std@@@2@V?$_Vector_const_iterator@V?$_Vector_val@U?$_Simple_types@_K@std@@@std@@@2@0@Z 00000001800418c0 f i collisioncodegen_CollisionGeometry.obj
 0001:00040990       ?length@?$_Narrow_char_traits@DH@std@@SA_KQEBD@Z 0000000180041990 f i collisioncodegen_CollisionGeometry.obj
 0001:000409b0       ?max@?$numeric_limits@_J@std@@SA_JXZ 00000001800419b0 f i collisioncodegen_CollisionGeometry.obj
 0001:000409c0       ?max_size@?$_Default_allocator_traits@V?$allocator@N@std@@@std@@SA_KAEBV?$allocator@N@2@@Z 00000001800419c0 f i collisioncodegen_CollisionGeometry.obj
 0001:000409d0       ?max_size@?$_Default_allocator_traits@V?$allocator@V?$vector@_KV?$allocator@_K@std@@@std@@@std@@@std@@SA_KAEBV?$allocator@V?$vector@_KV?$allocator@_K@std@@@std@@@2@@Z 00000001800419d0 f i collisioncodegen_CollisionGeometry.obj
 0001:000409e0       ?max_size@?$_Default_allocator_traits@V?$allocator@_K@std@@@std@@SA_KAEBV?$allocator@_K@2@@Z 00000001800419e0 f i collisioncodegen_CollisionGeometry.obj
 0001:000409f0       ?max_size@?$vector@NV?$allocator@N@std@@@std@@QEBA_KXZ 00000001800419f0 f i collisioncodegen_CollisionGeometry.obj
 0001:00040a40       ?max_size@?$vector@V?$vector@_KV?$allocator@_K@std@@@std@@V?$allocator@V?$vector@_KV?$allocator@_K@std@@@std@@@2@@std@@QEBA_KXZ 0000000180041a40 f i collisioncodegen_CollisionGeometry.obj
 0001:00040a90       ?max_size@?$vector@_KV?$allocator@_K@std@@@std@@QEBA_KXZ 0000000180041a90 f i collisioncodegen_CollisionGeometry.obj
 0001:00040ae0       ?push_back@?$vector@NV?$allocator@N@std@@@std@@QEAAX$$QEAN@Z 0000000180041ae0 f i collisioncodegen_CollisionGeometry.obj
 0001:00040b10       ?push_back@?$vector@_KV?$allocator@_K@std@@@std@@QEAAXAEB_K@Z 0000000180041b10 f i collisioncodegen_CollisionGeometry.obj
 0001:00040b40       ?resize@?$vector@V?$vector@_KV?$allocator@_K@std@@@std@@V?$allocator@V?$vector@_KV?$allocator@_K@std@@@std@@@2@@std@@QEAAX_K@Z 0000000180041b40 f i collisioncodegen_CollisionGeometry.obj
 0001:00040b70       ?resize@?$vector@_KV?$allocator@_K@std@@@std@@QEAAX_K@Z 0000000180041b70 f i collisioncodegen_CollisionGeometry.obj
 0001:00040ba0       ?sign@CollisionGeometry@shared_robotics@@IEBAHN@Z 0000000180041ba0 f i collisioncodegen_CollisionGeometry.obj
 0001:00040bf0       ?size@?$vector@_KV?$allocator@_K@std@@@std@@QEBA_KXZ 0000000180041bf0 f i collisioncodegen_CollisionGeometry.obj
 0001:00040c20       ?what@exception@std@@UEBAPEBDXZ 0000000180041c20 f i collisioncodegen_CollisionGeometry.obj
 0001:00040c60       collisioncodegen_makeBox   0000000180041c60 f   collisioncodegen_api.obj
 0001:00040ce0       collisioncodegen_makeSphere 0000000180041ce0 f   collisioncodegen_api.obj
 0001:00040d40       collisioncodegen_makeCylinder 0000000180041d40 f   collisioncodegen_api.obj
 0001:00040db0       collisioncodegen_makeMesh  0000000180041db0 f   collisioncodegen_api.obj
 0001:00040e20       collisioncodegen_intersect 0000000180041e20 f   collisioncodegen_api.obj
 0001:00040f20       ??$?0$$V@?$_Compressed_pair@V?$allocator@U_ccd_vec3_t@@@std@@V?$_Vector_val@U?$_Simple_types@U_ccd_vec3_t@@@std@@@2@$00@std@@QEAA@U_Zero_then_variadic_args_t@1@@Z 0000000180041f20 f i collisioncodegen_api.obj
 0001:00040f50       ??$?0$$V@?$_Compressed_pair@V?$allocator@U_idx_vec3_t@shared_robotics@@@std@@V?$_Vector_val@U?$_Simple_types@U_idx_vec3_t@shared_robotics@@@std@@@2@$00@std@@QEAA@U_Zero_then_variadic_args_t@1@@Z 0000000180041f50 f i collisioncodegen_api.obj
 0001:00040f80       ??$?0$$V@?$_Compressed_pair@V?$allocator@V?$vector@_KV?$allocator@_K@std@@@std@@@std@@V?$_Vector_val@U?$_Simple_types@V?$vector@_KV?$allocator@_K@std@@@std@@@std@@@2@$00@std@@QEAA@U_Zero_then_variadic_args_t@1@@Z 0000000180041f80 f i collisioncodegen_api.obj
 0001:00040fb0       ??$_Copy_memmove@PEAU_ccd_vec3_t@@PEAU1@@std@@YAPEAU_ccd_vec3_t@@PEAU1@00@Z 0000000180041fb0 f i collisioncodegen_api.obj
 0001:00041020       ??$_Emplace_back_with_unused_capacity@AEBU_ccd_vec3_t@@@?$vector@U_ccd_vec3_t@@V?$allocator@U_ccd_vec3_t@@@std@@@std@@AEAAXAEBU_ccd_vec3_t@@@Z 0000000180042020 f i collisioncodegen_api.obj
 0001:000410d0       ??$_Emplace_reallocate@AEBU_ccd_vec3_t@@@?$vector@U_ccd_vec3_t@@V?$allocator@U_ccd_vec3_t@@@std@@@std@@QEAAPEAU_ccd_vec3_t@@QEAU2@AEBU2@@Z 00000001800420d0 f i collisioncodegen_api.obj
 0001:00041300       ??$_Get_unwrapped@AEBQEAU_ccd_vec3_t@@@std@@YAPEAU_ccd_vec3_t@@AEBQEAU1@@Z 0000000180042300 f i collisioncodegen_api.obj
 0001:00041310       ??$_Unfancy@U_ccd_vec3_t@@@std@@YAPEAU_ccd_vec3_t@@PEAU1@@Z 0000000180042310 f i collisioncodegen_api.obj
 0001:00041320       ??$_Uninitialized_move@PEAU_ccd_vec3_t@@V?$allocator@U_ccd_vec3_t@@@std@@@std@@YAPEAU_ccd_vec3_t@@QEAU1@0PEAU1@AEAV?$allocator@U_ccd_vec3_t@@@0@@Z 0000000180042320 f i collisioncodegen_api.obj
 0001:000413a0       ??$construct@U_ccd_vec3_t@@AEBU1@@?$_Default_allocator_traits@V?$allocator@U_ccd_vec3_t@@@std@@@std@@SAXAEAV?$allocator@U_ccd_vec3_t@@@1@QEAU_ccd_vec3_t@@AEBU3@@Z 00000001800423a0 f i collisioncodegen_api.obj
 0001:000413f0       ??$emplace_back@AEBU_ccd_vec3_t@@@?$vector@U_ccd_vec3_t@@V?$allocator@U_ccd_vec3_t@@@std@@@std@@QEAAXAEBU_ccd_vec3_t@@@Z 00000001800423f0 f i collisioncodegen_api.obj
 0001:00041470       ??$forward@AEBU_ccd_vec3_t@@@std@@YAAEBU_ccd_vec3_t@@AEBU1@@Z 0000000180042470 f i collisioncodegen_api.obj
 0001:00041480       ??0?$_Vector_val@U?$_Simple_types@U_ccd_vec3_t@@@std@@@std@@QEAA@XZ 0000000180042480 f i collisioncodegen_api.obj
 0001:000414c0       ??0?$_Vector_val@U?$_Simple_types@U_idx_vec3_t@shared_robotics@@@std@@@std@@QEAA@XZ 00000001800424c0 f i collisioncodegen_api.obj
 0001:00041500       ??0?$_Vector_val@U?$_Simple_types@V?$vector@_KV?$allocator@_K@std@@@std@@@std@@@std@@QEAA@XZ 0000000180042500 f i collisioncodegen_api.obj
 0001:00041540       ??0?$allocator@U_ccd_vec3_t@@@std@@QEAA@XZ 0000000180042540 f i collisioncodegen_api.obj
 0001:00041550       ??0?$allocator@U_idx_vec3_t@shared_robotics@@@std@@QEAA@XZ 0000000180042550 f i collisioncodegen_api.obj
 0001:00041560       ??0?$allocator@V?$vector@_KV?$allocator@_K@std@@@std@@@std@@QEAA@XZ 0000000180042560 f i collisioncodegen_api.obj
 0001:00041570       ??0?$vector@U_ccd_vec3_t@@V?$allocator@U_ccd_vec3_t@@@std@@@std@@QEAA@XZ 0000000180042570 f i collisioncodegen_api.obj
 0001:000415b0       ??0?$vector@U_idx_vec3_t@shared_robotics@@V?$allocator@U_idx_vec3_t@shared_robotics@@@std@@@std@@QEAA@XZ 00000001800425b0 f i collisioncodegen_api.obj
 0001:000415f0       ??0?$vector@V?$vector@_KV?$allocator@_K@std@@@std@@V?$allocator@V?$vector@_KV?$allocator@_K@std@@@std@@@2@@std@@QEAA@XZ 00000001800425f0 f i collisioncodegen_api.obj
 0001:00041630       ??0CollisionGeometry@shared_robotics@@QEAA@N@Z 0000000180042630 f i collisioncodegen_api.obj
 0001:000416c0       ??0CollisionGeometry@shared_robotics@@QEAA@NN@Z 00000001800426c0 f i collisioncodegen_api.obj
 0001:00041760       ??0CollisionGeometry@shared_robotics@@QEAA@NNN@Z 0000000180042760 f i collisioncodegen_api.obj
 0001:00041810       ??0CollisionGeometry@shared_robotics@@QEAA@PEANH_N@Z 0000000180042810 f i collisioncodegen_api.obj
 0001:00041a00       ?_Calculate_growth@?$vector@U_ccd_vec3_t@@V?$allocator@U_ccd_vec3_t@@@std@@@std@@AEBA_K_K@Z 0000000180042a00 f i collisioncodegen_api.obj
 0001:00041a90       ?_Change_array@?$vector@U_ccd_vec3_t@@V?$allocator@U_ccd_vec3_t@@@std@@@std@@AEAAXQEAU_ccd_vec3_t@@_K1@Z 0000000180042a90 f i collisioncodegen_api.obj
 0001:00041b90       ?_Get_first@?$_Compressed_pair@V?$allocator@U_ccd_vec3_t@@@std@@V?$_Vector_val@U?$_Simple_types@U_ccd_vec3_t@@@std@@@2@$00@std@@QEBAAEBV?$allocator@U_ccd_vec3_t@@@2@XZ 0000000180042b90 f i collisioncodegen_api.obj
 0001:00041ba0       ?_Getal@?$vector@U_ccd_vec3_t@@V?$allocator@U_ccd_vec3_t@@@std@@@std@@AEBAAEBV?$allocator@U_ccd_vec3_t@@@2@XZ 0000000180042ba0 f i collisioncodegen_api.obj
 0001:00041bc0       ?_Orphan_range@?$vector@U_ccd_vec3_t@@V?$allocator@U_ccd_vec3_t@@@std@@@std@@AEBAXPEAU_ccd_vec3_t@@0@Z 0000000180042bc0 f i collisioncodegen_api.obj
 0001:00041bd0       ?_Umove@?$vector@U_ccd_vec3_t@@V?$allocator@U_ccd_vec3_t@@@std@@@std@@AEAAPEAU_ccd_vec3_t@@PEAU3@00@Z 0000000180042bd0 f i collisioncodegen_api.obj
 0001:00041c10       ?_Umove_if_noexcept1@?$vector@U_ccd_vec3_t@@V?$allocator@U_ccd_vec3_t@@@std@@@std@@AEAAXPEAU_ccd_vec3_t@@00U?$integral_constant@_N$00@2@@Z 0000000180042c10 f i collisioncodegen_api.obj
 0001:00041c50       ?_Umove_if_noexcept@?$vector@U_ccd_vec3_t@@V?$allocator@U_ccd_vec3_t@@@std@@@std@@AEAAXPEAU_ccd_vec3_t@@00@Z 0000000180042c50 f i collisioncodegen_api.obj
 0001:00041cb0       ?_Xlength@?$vector@U_ccd_vec3_t@@V?$allocator@U_ccd_vec3_t@@@std@@@std@@CAXXZ 0000000180042cb0 f i collisioncodegen_api.obj
 0001:00041cd0       ?allocate@?$allocator@U_ccd_vec3_t@@@std@@QEAAPEAU_ccd_vec3_t@@_K@Z 0000000180042cd0 f i collisioncodegen_api.obj
 0001:00041d00       ?capacity@?$vector@U_ccd_vec3_t@@V?$allocator@U_ccd_vec3_t@@@std@@@std@@QEBA_KXZ 0000000180042d00 f i collisioncodegen_api.obj
 0001:00041d40       ?initializePositionAndOrientation@CollisionGeometry@shared_robotics@@AEAAXXZ 0000000180042d40 f i collisioncodegen_api.obj
 0001:00041dd0       ?max_size@?$_Default_allocator_traits@V?$allocator@U_ccd_vec3_t@@@std@@@std@@SA_KAEBV?$allocator@U_ccd_vec3_t@@@2@@Z 0000000180042dd0 f i collisioncodegen_api.obj
 0001:00041de0       ?max_size@?$vector@U_ccd_vec3_t@@V?$allocator@U_ccd_vec3_t@@@std@@@std@@QEBA_KXZ 0000000180042de0 f i collisioncodegen_api.obj
 0001:00041e30       ?push_back@?$vector@U_ccd_vec3_t@@V?$allocator@U_ccd_vec3_t@@@std@@@std@@QEAAXAEBU_ccd_vec3_t@@@Z 0000000180042e30 f i collisioncodegen_api.obj
 0001:00042590       ?ccdDistance@shared_robotics@@YANPEBX0PEBU_ccd_t@@PEAU_ccd_vec3_t@@2@Z 0000000180043590 f   collisioncodegen_ccdExtensions.obj
 0001:00042870       ?distanceToOrigin@shared_robotics@@YANPEAU_ccd_simplex_t@@AEAPEAU_ccd_vec3_t@@@Z 0000000180043870 f   collisioncodegen_ccdExtensions.obj
 0001:00042e90       ?extractWitnessPoints@shared_robotics@@YAXPEBU_ccd_simplex_t@@PEBU_ccd_vec3_t@@PEAU3@2@Z 0000000180043e90 f   collisioncodegen_ccdExtensions.obj
 0001:00042f50       ?interpolateBetweenTwoSupportPoints@shared_robotics@@YAXAEAPEBU_ccd_simplex_t@@AEAPEBU_ccd_vec3_t@@AEAPEAU3@2@Z 0000000180043f50 f   collisioncodegen_ccdExtensions.obj
 0001:00043230       ?interpolateAmongThreeSupportPoints@shared_robotics@@YAXAEAPEBU_ccd_simplex_t@@AEAPEBU_ccd_vec3_t@@AEAPEAU3@2@Z 0000000180044230 f   collisioncodegen_ccdExtensions.obj
 0001:00043860       ?barycentricCoordinates@@YAXPEBU_ccd_vec3_t@@000PEAU1@@Z 0000000180044860 f   collisioncodegen_ccdExtensions.obj
 0001:00043a30       ?epsilon@?$numeric_limits@N@std@@SANXZ 0000000180044a30 f i collisioncodegen_ccdExtensions.obj
 0001:00043b40       intersect                  0000000180044b40 f   collisioncodegen_checkCollision.obj
 0001:00043e90       updatePose                 0000000180044e90 f   collisioncodegen_checkCollision.obj
 0001:00043fa6       sf_load_rtw_optimization_info 0000000180044fa6 f   sf_runtime:sf_runtime.dll
 0001:00043fac       sf_mex_decode              0000000180044fac f   sf_runtime:sf_runtime.dll
 0001:00043fb2       sf_init_ChartRunTimeInfo   0000000180044fb2 f   sf_runtime:sf_runtime.dll
 0001:00043fb8       sf_free_ChartRunTimeInfo   0000000180044fb8 f   sf_runtime:sf_runtime.dll
 0001:00043fbe       sfrtGetEmlrtCtx            0000000180044fbe f   sf_runtime:sf_runtime.dll
 0001:00043fc4       sfrtGetCovrtInstance       0000000180044fc4 f   sf_runtime:sf_runtime.dll
 0001:00043fca       sf_get_chart_instance_ptr  0000000180044fca f   sf_runtime:sf_runtime.dll
 0001:00043fd0       sim_mode_is_rtw_gen        0000000180044fd0 f   sf_runtime:sf_runtime.dll
 0001:00043fd6       sim_mode_is_external       0000000180044fd6 f   sf_runtime:sf_runtime.dll
 0001:00043fdc       sf_clear_rtw_identifier    0000000180044fdc f   sf_runtime:sf_runtime.dll
 0001:00043fe2       sf_get_time                0000000180044fe2 f   sf_runtime:sf_runtime.dll
 0001:00043fe8       sfDoAnimationWrapper       0000000180044fe8 f   sf_runtime:sf_runtime.dll
 0001:00043fee       setDataBrowseFcn           0000000180044fee f   sf_runtime:sf_runtime.dll
 0001:00043ff4       setLegacyDebuggerFlag      0000000180044ff4 f   sf_runtime:sf_runtime.dll
 0001:00043ffa       setDebuggerFlag            0000000180044ffa f   sf_runtime:sf_runtime.dll
 0001:00044000       sf_warn_if_symbolic_dimension_param_changed 0000000180045000 f   sf_runtime:sf_runtime.dll
 0001:00044006       sf_set_work_widths         0000000180045006 f   sf_runtime:sf_runtime.dll
 0001:0004400c       sf_error_out_about_continuous_sample_time_with_persistent_vars 000000018004500c f   sf_runtime:sf_runtime.dll
 0001:00044012       sfListenerCacheSimStruct   0000000180045012 f   sf_runtime:sf_runtime.dll
 0001:00044018       sfListenerLightTerminate   0000000180045018 f   sf_runtime:sf_runtime.dll
 0001:0004401e       sfListenerInitializeRuntimeVars 000000018004501e f   sf_runtime:sf_runtime.dll
 0001:00044024       sf_mex_printf              0000000180045024 f   sf_runtime:sf_runtime.dll
 0001:0004402a       sf_mex_call                000000018004502a f   sf_runtime:sf_runtime.dll
 0001:00044030       sf_mex_error_message       0000000180045030 f   sf_runtime:sf_runtime.dll
 0001:00044036       sf_mex_create              0000000180045036 f   sf_runtime:sf_runtime.dll
 0001:0004403c       sf_mex_createcellmatrix    000000018004503c f   sf_runtime:sf_runtime.dll
 0001:00044042       sf_mex_setcell             0000000180045042 f   sf_runtime:sf_runtime.dll
 0001:00044048       sf_mex_getcell             0000000180045048 f   sf_runtime:sf_runtime.dll
 0001:0004404e       sf_mex_assign              000000018004504e f   sf_runtime:sf_runtime.dll
 0001:00044054       sf_mex_dup                 0000000180045054 f   sf_runtime:sf_runtime.dll
 0001:0004405a       sf_mex_destroy             000000018004505a f   sf_runtime:sf_runtime.dll
 0001:00044060       sf_mex_import              0000000180045060 f   sf_runtime:sf_runtime.dll
 0001:00044066       ssGetInputPortSignal_wrapper 0000000180045066 f   sf_runtime:sf_runtime.dll
 0001:0004406c       ssGetOutputPortSignal_wrapper 000000018004506c f   sf_runtime:sf_runtime.dll
 0001:00044072       sf_data_saturate_error     0000000180045072 f   sf_runtime:sf_runtime.dll
 0001:00044078       sf_get_ChartInfoStruct_CodeGen 0000000180045078 f   sf_runtime:sf_runtime.dll
 0001:0004407e       sf_get_hasSeparateUpdateOutputs 000000018004507e f   sf_runtime:sf_runtime.dll
 0001:00044084       callMdlMethodAndReportError 0000000180045084 f   sf_runtime:sf_runtime.dll
 0001:0004408a       call_sf_machine_global_method_dispatcher 000000018004508a f   sf_runtime:sf_runtime.dll
 0001:00044090       getRuntimeInstanceInfoAsVoid 0000000180045090 f   sf_runtime:sf_runtime.dll
 0001:00044096       sf_mex_error_direct_call   0000000180045096 f   sf_runtime:sf_runtime.dll
 0001:0004409c       sf_clear_error_manager_info 000000018004509c f   sf_runtime:sf_runtime.dll
 0001:000440a2       mxIsChar_800               00000001800450a2 f   libmx:libmx.dll
 0001:000440a8       mxGetScalar_800            00000001800450a8 f   libmx:libmx.dll
 0001:000440ae       mxGetPr_800                00000001800450ae f   libmx:libmx.dll
 0001:000440b4       mxDestroyArray_800         00000001800450b4 f   libmx:libmx.dll
 0001:000440ba       mxCreateDoubleMatrix_800   00000001800450ba f   libmx:libmx.dll
 0001:000440c0       mxGetString_800            00000001800450c0 f   libmx:libmx.dll
 0001:000440c6       mxDuplicateArray_800       00000001800450c6 f   libmx:libmx.dll
 0001:000440cc       mxIsEmpty_800              00000001800450cc f   libmx:libmx.dll
 0001:000440d2       mxSetCell_800              00000001800450d2 f   libmx:libmx.dll
 0001:000440d8       mxSetField_800             00000001800450d8 f   libmx:libmx.dll
 0001:000440de       mxCreateString_800         00000001800450de f   libmx:libmx.dll
 0001:000440e4       mxCreateCellMatrix_800     00000001800450e4 f   libmx:libmx.dll
 0001:000440ea       mxCreateStructMatrix_800   00000001800450ea f   libmx:libmx.dll
 0001:000440f0       mxCalloc_800               00000001800450f0 f   libmx:libmx.dll
 0001:000440f6       mxGetM_800                 00000001800450f6 f   libmx:libmx.dll
 0001:000440fc       mxGetClassID_800           00000001800450fc f   libmx:libmx.dll
 0001:00044102       mxIsNumeric_800            0000000180045102 f   libmx:libmx.dll
 0001:00044108       mxIsComplex_800            0000000180045108 f   libmx:libmx.dll
 0001:0004410e       mxGetN_800                 000000018004510e f   libmx:libmx.dll
 0001:00044114       mxCreateDoubleScalar_800   0000000180045114 f   libmx:libmx.dll
 0001:0004411a       mexMakeArrayPersistent_800 000000018004511a f   libmex:libmex.dll
 0001:00044120       mexErrMsgTxt_800           0000000180045120 f   libmex:libmex.dll
 0001:00044126       mexWarnMsgTxt_800          0000000180045126 f   libmex:libmex.dll
 0001:0004412c       mexCallMATLAB_800          000000018004512c f   libmex:libmex.dll
 0001:00044132       mexLock_800                0000000180045132 f   libmex:libmex.dll
 0001:00044138       mexUnlock_800              0000000180045138 f   libmex:libmex.dll
 0001:0004413e       mexIsLocked_800            000000018004513e f   libmex:libmex.dll
 0001:00044144       utMalloc                   0000000180045144 f   libut:libut.dll
 0001:0004414a       utFree                     000000018004514a f   libut:libut.dll
 0001:00044150       muDoubleScalarFloor        0000000180045150 f   libmwmathutil:libmwmathutil.dll
 0001:00044156       muDoubleScalarRound        0000000180045156 f   libmwmathutil:libmwmathutil.dll
 0001:0004415c       muDoubleScalarIsNaN        000000018004515c f   libmwmathutil:libmwmathutil.dll
 0001:00044162       muDoubleScalarIsInf        0000000180045162 f   libmwmathutil:libmwmathutil.dll
 0001:00044168       emlrtLicenseCheckR2012b    0000000180045168 f   libemlrt:libemlrt.dll
 0001:0004416e       emlrtDynamicBoundsCheckR2012b 000000018004516e f   libemlrt:libemlrt.dll
 0001:00044174       emlrtSizeMulR2012b         0000000180045174 f   libemlrt:libemlrt.dll
 0001:0004417a       emlrtIntegerCheckR2012b    000000018004517a f   libemlrt:libemlrt.dll
 0001:00044180       emlrtNonNegativeCheckR2012b 0000000180045180 f   libemlrt:libemlrt.dll
 0001:00044186       emlrtForLoopVectorCheckR2012b 0000000180045186 f   libemlrt:libemlrt.dll
 0001:0004418c       emlrtMallocMex             000000018004518c f   libemlrt:libemlrt.dll
 0001:00044192       emlrtCallocMex             0000000180045192 f   libemlrt:libemlrt.dll
 0001:00044198       emlrtFreeMex               0000000180045198 f   libemlrt:libemlrt.dll
 0001:0004419e       emlrtHeapAllocationErrorR2012b 000000018004519e f   libemlrt:libemlrt.dll
 0001:000441a4       emlrtDimSizeGeqCheckR2012b 00000001800451a4 f   libemlrt:libemlrt.dll
 0001:000441aa       covrtCreateStateflowInstanceData 00000001800451aa f   libcovrt:libcovrt.dll
 0001:000441b0       covrtDeleteStateflowInstanceData 00000001800451b0 f   libcovrt:libcovrt.dll
 0001:000441b6       covrtTransInitFcn          00000001800451b6 f   libcovrt:libcovrt.dll
 0001:000441bc       covrtStateInitFcn          00000001800451bc f   libcovrt:libcovrt.dll
 0001:000441c2       covrtChartInitFcn          00000001800451c2 f   libcovrt:libcovrt.dll
 0001:000441c8       covrtSigUpdateFcn          00000001800451c8 f   libcovrt:libcovrt.dll
 0001:000441ce       covrtEmlInitFcn            00000001800451ce f   libcovrt:libcovrt.dll
 0001:000441d4       covrtEmlFcnInitFcn         00000001800451d4 f   libcovrt:libcovrt.dll
 0001:000441da       covrtEmlIfInitFcn          00000001800451da f   libcovrt:libcovrt.dll
 0001:000441e0       covrtEmlFcnEval            00000001800451e0 f   libcovrt:libcovrt.dll
 0001:000441e6       covrtEmlIfEval             00000001800451e6 f   libcovrt:libcovrt.dll
 0001:000441ec       __raise_securityfailure    00000001800451ec f   MSVCRT:gs_report.obj
 0001:00044220       __report_gsfailure         0000000180045220 f   MSVCRT:gs_report.obj
 0001:000442f4       __report_rangecheckfailure 00000001800452f4 f   MSVCRT:gs_report.obj
 0001:00044308       __report_securityfailure   0000000180045308 f   MSVCRT:gs_report.obj
 0001:000443a4       __report_securityfailureEx 00000001800453a4 f   MSVCRT:gs_report.obj
 0001:00044598       __GSHandlerCheck           0000000180045598 f   MSVCRT:gshandler.obj
 0001:000445b8       __GSHandlerCheckCommon     00000001800455b8 f   MSVCRT:gshandler.obj
 0001:00044630       __security_check_cookie    0000000180045630 f   MSVCRT:amdsecgs.obj
 0001:00044654       ??2@YAPEAX_K@Z             0000000180045654 f   MSVCRT:new_scalar.obj
 0001:00044690       ??3@YAXPEAX_K@Z            0000000180045690 f   MSVCRT:delete_scalar_size.obj
 0001:00044698       __GSHandlerCheck_EH4       0000000180045698 f   MSVCRT:gshandlereh4.obj
 0001:00044718       ??1type_info@@UEAA@XZ      0000000180045718 f   MSVCRT:std_type_info_static.obj
 0001:00044724       ??_Gtype_info@@UEAAPEAXI@Z 0000000180045724 f i MSVCRT:std_type_info_static.obj
 0001:00044724       ??_Etype_info@@UEAAPEAXI@Z 0000000180045724 f i MSVCRT:std_type_info_static.obj
 0001:00044a8c       _CRT_INIT                  0000000180045a8c f   MSVCRT:dll_dllmain.obj
[...]
 0003:00008b98       $SG24940                   0000000180054b98     inverse_test_sfun_registry.obj
 0003:00008ba8       $SG24976                   0000000180054ba8     inverse_test_sfun_registry.obj
 0003:00008bc8       $SG24978                   0000000180054bc8     inverse_test_sfun_registry.obj
 0003:00008bd8       $SG25014                   0000000180054bd8     inverse_test_sfun_registry.obj
 0003:00008bf8       $SG25016                   0000000180054bf8     inverse_test_sfun_registry.obj
 0003:00008c08       $SG25036                   0000000180054c08     inverse_test_sfun_registry.obj
 0003:00008c18       $SG25054                   0000000180054c18     inverse_test_sfun_registry.obj
 0003:00008c30       $SG25085                   0000000180054c30     inverse_test_sfun_registry.obj
 0003:00008c40       $SG25185                   0000000180054c40     inverse_test_sfun_registry.obj
 0003:00008c48       $SG25186                   0000000180054c48     inverse_test_sfun_registry.obj
 0003:00008c5c       $SG25191                   0000000180054c5c     inverse_test_sfun_registry.obj
 0003:00008c64       $SG26825                   0000000180054c64     inverse_test_sfun_registry.obj
 0003:00008c68       $SG25192                   0000000180054c68     inverse_test_sfun_registry.obj
 0003:00008c84       $SG25886                   0000000180054c84     inverse_test_sfun_registry.obj
 0003:00008c8c       $SG26903                   0000000180054c8c     inverse_test_sfun_registry.obj
 0003:00008c90       $SG25333                   0000000180054c90     inverse_test_sfun_registry.obj
 0003:00008cb8       _sfcnName                  0000000180054cb8     inverse_test_sfun_registry.obj
 0003:00008cd8       $SG25679                   0000000180054cd8     inverse_test_sfun_registry.obj
 0003:00008ce0       $SG25350                   0000000180054ce0     inverse_test_sfun_registry.obj
 0003:00008d58       $SG25680                   0000000180054d58     inverse_test_sfun_registry.obj
 0003:00008d60       $SG25694                   0000000180054d60     inverse_test_sfun_registry.obj
 0003:00008d70       $SG25884                   0000000180054d70     inverse_test_sfun_registry.obj
 0003:00008db0       $SG25885                   0000000180054db0     inverse_test_sfun_registry.obj
 0003:00008db8       $SG25891                   0000000180054db8     inverse_test_sfun_registry.obj
 0003:00008dc0       $SG25890                   0000000180054dc0     inverse_test_sfun_registry.obj
 0003:00008e08       $SG25892                   0000000180054e08     inverse_test_sfun_registry.obj
 0003:00008e10       $SG25893                   0000000180054e10     inverse_test_sfun_registry.obj
 0003:00008e68       $SG25894                   0000000180054e68     inverse_test_sfun_registry.obj
 0003:00008e70       $SG25895                   0000000180054e70     inverse_test_sfun_registry.obj
 0003:00008e78       $SG25917                   0000000180054e78     inverse_test_sfun_registry.obj
 0003:00008eb8       $SG25918                   0000000180054eb8     inverse_test_sfun_registry.obj
 0003:00008ec0       $SG25919                   0000000180054ec0     inverse_test_sfun_registry.obj
 0003:00008ec8       $SG25924                   0000000180054ec8     inverse_test_sfun_registry.obj
 0003:00008ed0       $SG25923                   0000000180054ed0     inverse_test_sfun_registry.obj
 0003:00008f18       $SG25925                   0000000180054f18     inverse_test_sfun_registry.obj
 0003:00008f20       $SG25926                   0000000180054f20     inverse_test_sfun_registry.obj
 0003:00008f78       $SG25927                   0000000180054f78     inverse_test_sfun_registry.obj
 0003:00008f80       $SG25928                   0000000180054f80     inverse_test_sfun_registry.obj
 0003:00008f88       $SG25944                   0000000180054f88     inverse_test_sfun_registry.obj
 0003:00008f90       $SG25943                   0000000180054f90     inverse_test_sfun_registry.obj
 0003:00008fe0       $SG25945                   0000000180054fe0     inverse_test_sfun_registry.obj
 0003:00008fe8       $SG25958                   0000000180054fe8     inverse_test_sfun_registry.obj
 0003:00008ff0       $SG25957                   0000000180054ff0     inverse_test_sfun_registry.obj
 0003:00009050       $SG25959                   0000000180055050     inverse_test_sfun_registry.obj
 0003:00009058       $SG25972                   0000000180055058     inverse_test_sfun_registry.obj
 0003:00009060       $SG25971                   0000000180055060     inverse_test_sfun_registry.obj
 0003:000090c0       $SG25973                   00000001800550c0     inverse_test_sfun_registry.obj
 0003:000090c8       $SG26810                   00000001800550c8     inverse_test_sfun_registry.obj
 0003:000090e0       $SG26188                   00000001800550e0     inverse_test_sfun_registry.obj
 0003:00009158       $SG26877                   0000000180055158     inverse_test_sfun_registry.obj
 0003:00009160       $SG26191                   0000000180055160     inverse_test_sfun_registry.obj
 0003:000091d4       $SG26878                   00000001800551d4     inverse_test_sfun_registry.obj
 0003:000091e0       $SG26196                   00000001800551e0     inverse_test_sfun_registry.obj
 0003:00009258       $SG26879                   0000000180055258     inverse_test_sfun_registry.obj
 0003:00009260       $SG26204                   0000000180055260     inverse_test_sfun_registry.obj
 0003:000092d0       $SG26479                   00000001800552d0     inverse_test_sfun_registry.obj
 0003:00009348       $SG26885                   0000000180055348     inverse_test_sfun_registry.obj
 0003:00009350       $SG26484                   0000000180055350     inverse_test_sfun_registry.obj
 0003:000093c8       $SG26888                   00000001800553c8     inverse_test_sfun_registry.obj
 0003:000093d0       $SG26822                   00000001800553d0     inverse_test_sfun_registry.obj
 0003:00009448       $SG26891                   0000000180055448     inverse_test_sfun_registry.obj
 0003:00009450       $SG26880                   0000000180055450     inverse_test_sfun_registry.obj
 0003:000094c8       $SG26897                   00000001800554c8     inverse_test_sfun_registry.obj
 0003:000094d0       $SG26882                   00000001800554d0     inverse_test_sfun_registry.obj
 0003:00009550       $SG26892                   0000000180055550     inverse_test_sfun_registry.obj
 0003:000095d0       $SG26893                   00000001800555d0     inverse_test_sfun_registry.obj
 0003:000095e0       $SG26895                   00000001800555e0     inverse_test_sfun_registry.obj
 0003:000095ec       $SG26899                   00000001800555ec     inverse_test_sfun_registry.obj
 0003:000095f8       $SG26901                   00000001800555f8     inverse_test_sfun_registry.obj
 0003:00009608       $SG27011                   0000000180055608     inverse_test_sfun_registry.obj
 0003:00009638       $SG27012                   0000000180055638     inverse_test_sfun_registry.obj
 0003:00009640       $SG26906                   0000000180055640     inverse_test_sfun_registry.obj
 0003:00009728       $SG27013                   0000000180055728     inverse_test_sfun_registry.obj
 0003:00009730       $SG27015                   0000000180055730     inverse_test_sfun_registry.obj
 0003:00009768       $SG27016                   0000000180055768     inverse_test_sfun_registry.obj
 0003:00009770       $SG27017                   0000000180055770     inverse_test_sfun_registry.obj
 0003:00009778       $SG27020                   0000000180055778     inverse_test_sfun_registry.obj
 0003:000097b0       $SG27021                   00000001800557b0     inverse_test_sfun_registry.obj
 0003:000097b8       $SG27022                   00000001800557b8     inverse_test_sfun_registry.obj
 0003:000097c0       $SG27024                   00000001800557c0     inverse_test_sfun_registry.obj
 0003:000097f8       $SG27025                   00000001800557f8     inverse_test_sfun_registry.obj
 0003:00009800       $SG27026                   0000000180055800     inverse_test_sfun_registry.obj
 0003:00009808       $SG27028                   0000000180055808     inverse_test_sfun_registry.obj
 0003:00009840       $SG27029                   0000000180055840     inverse_test_sfun_registry.obj
 0003:00009848       $SG27030                   0000000180055848     inverse_test_sfun_registry.obj
 0003:00009850       $SG27033                   0000000180055850     inverse_test_sfun_registry.obj
 0003:00009858       $SG27035                   0000000180055858     inverse_test_sfun_registry.obj
 0003:00009870       $SG27036                   0000000180055870     inverse_test_sfun_registry.obj
 0003:000098a8       $SG27037                   00000001800558a8     inverse_test_sfun_registry.obj
 0003:000098b0       $SG27038                   00000001800558b0     inverse_test_sfun_registry.obj
 0003:000098b8       $SG27204                   00000001800558b8     inverse_test_sfun_registry.obj
 0003:000098d8       $SG27209                   00000001800558d8     inverse_test_sfun_registry.obj
 0003:000098f0       $SG27205                   00000001800558f0     inverse_test_sfun_registry.obj
 0003:00009980       $SG27210                   0000000180055980     inverse_test_sfun_registry.obj
 0003:00009a10       $SG27214                   0000000180055a10     inverse_test_sfun_registry.obj
 0003:00009a28       $SG27229                   0000000180055a28     inverse_test_sfun_registry.obj
 0003:00009a48       $SG27234                   0000000180055a48     inverse_test_sfun_registry.obj
 0003:00009a70       $SG27215                   0000000180055a70     inverse_test_sfun_registry.obj
 0003:00009b00       $SG27219                   0000000180055b00     inverse_test_sfun_registry.obj
 0003:00009b20       $SG27220                   0000000180055b20     inverse_test_sfun_registry.obj
 0003:00009bb0       $SG27224                   0000000180055bb0     inverse_test_sfun_registry.obj
 0003:00009bd0       $SG27225                   0000000180055bd0     inverse_test_sfun_registry.obj
 0003:00009c60       $SG27230                   0000000180055c60     inverse_test_sfun_registry.obj
 0003:00009cf0       $SG27235                   0000000180055cf0     inverse_test_sfun_registry.obj
 0003:00009d80       $SG27239                   0000000180055d80     inverse_test_sfun_registry.obj
 0003:00009da8       $SG27254                   0000000180055da8     inverse_test_sfun_registry.obj
 0003:00009dc0       $SG27240                   0000000180055dc0     inverse_test_sfun_registry.obj
 0003:00009e50       $SG27244                   0000000180055e50     inverse_test_sfun_registry.obj
 0003:00009e70       $SG27245                   0000000180055e70     inverse_test_sfun_registry.obj
 0003:00009f00       $SG27249                   0000000180055f00     inverse_test_sfun_registry.obj
 0003:00009f20       $SG27250                   0000000180055f20     inverse_test_sfun_registry.obj
 0003:00009fb0       $SG27255                   0000000180055fb0     inverse_test_sfun_registry.obj
 0003:0000a040       $SG27259                   0000000180056040     inverse_test_sfun_registry.obj
 0003:0000a060       $SG27260                   0000000180056060     inverse_test_sfun_registry.obj
 0003:0000a0f0       $SG27264                   00000001800560f0     inverse_test_sfun_registry.obj
 0003:0000a110       $SG27265                   0000000180056110     inverse_test_sfun_registry.obj
 0003:0000a1a0       $SG27269                   00000001800561a0     inverse_test_sfun_registry.obj
 0003:0000a1c0       $SG27270                   00000001800561c0     inverse_test_sfun_registry.obj
 0003:0000a250       $SG27274                   0000000180056250     inverse_test_sfun_registry.obj
 0003:0000a270       $SG27275                   0000000180056270     inverse_test_sfun_registry.obj
 0003:0000a300       $SG27279                   0000000180056300     inverse_test_sfun_registry.obj
 0003:0000a320       $SG27280                   0000000180056320     inverse_test_sfun_registry.obj
 0003:0000a3b0       $SG27284                   00000001800563b0     inverse_test_sfun_registry.obj
 0003:0000a3d0       $SG27285                   00000001800563d0     inverse_test_sfun_registry.obj
 0003:0000a460       $SG27290                   0000000180056460     inverse_test_sfun_registry.obj
 0003:0000a474       $SG27295                   0000000180056474     inverse_test_sfun_registry.obj
 0003:0000a480       $SG27291                   0000000180056480     inverse_test_sfun_registry.obj
 0003:0000a510       $SG27296                   0000000180056510     inverse_test_sfun_registry.obj
 0003:0000a5a0       $SG27300                   00000001800565a0     inverse_test_sfun_registry.obj
 0003:0000a5b8       $SG27330                   00000001800565b8     inverse_test_sfun_registry.obj
 0003:0000a5d0       $SG27301                   00000001800565d0     inverse_test_sfun_registry.obj
 0003:0000a660       $SG27305                   0000000180056660     inverse_test_sfun_registry.obj
 0003:0000a670       $SG27306                   0000000180056670     inverse_test_sfun_registry.obj
 0003:0000a700       $SG27310                   0000000180056700     inverse_test_sfun_registry.obj
 0003:0000a720       $SG27311                   0000000180056720     inverse_test_sfun_registry.obj
 0003:0000a7b0       $SG27315                   00000001800567b0     inverse_test_sfun_registry.obj
 0003:0000a7d0       $SG27316                   00000001800567d0     inverse_test_sfun_registry.obj
 0003:0000a860       $SG27320                   0000000180056860     inverse_test_sfun_registry.obj
 0003:0000a870       $SG27321                   0000000180056870     inverse_test_sfun_registry.obj
 0003:0000a900       $SG27325                   0000000180056900     inverse_test_sfun_registry.obj
 0003:0000a910       $SG27326                   0000000180056910     inverse_test_sfun_registry.obj
 0003:0000a9a0       $SG27331                   00000001800569a0     inverse_test_sfun_registry.obj
 0003:0000aa30       $SG27335                   0000000180056a30     inverse_test_sfun_registry.obj
 0003:0000aa48       $SG27340                   0000000180056a48     inverse_test_sfun_registry.obj
 0003:0000aa58       $SG27412                   0000000180056a58     inverse_test_sfun_registry.obj
 0003:0000aa70       $SG27336                   0000000180056a70     inverse_test_sfun_registry.obj
 0003:0000ab00       $SG27341                   0000000180056b00     inverse_test_sfun_registry.obj
 0003:0000ab90       $SG27349                   0000000180056b90     inverse_test_sfun_registry.obj
 0003:0000aba0       $SG27350                   0000000180056ba0     inverse_test_sfun_registry.obj
 0003:0000ac30       $SG27354                   0000000180056c30     inverse_test_sfun_registry.obj
 0003:0000ac40       $SG27355                   0000000180056c40     inverse_test_sfun_registry.obj
 0003:0000acd0       $SG27359                   0000000180056cd0     inverse_test_sfun_registry.obj
 0003:0000ace0       $SG27360                   0000000180056ce0     inverse_test_sfun_registry.obj
 0003:0000ad70       $SG27365                   0000000180056d70     inverse_test_sfun_registry.obj
 0003:0000ad80       $SG27366                   0000000180056d80     inverse_test_sfun_registry.obj
 0003:0000ae10       $SG27370                   0000000180056e10     inverse_test_sfun_registry.obj
 0003:0000ae90       $SG27400                   0000000180056e90     inverse_test_sfun_registry.obj
 0003:0000afa8       $SG27422                   0000000180056fa8     inverse_test_sfun_registry.obj
 0003:0000afb8       $SG27434                   0000000180056fb8     inverse_test_sfun_registry.obj
 0003:0000afc8       $SG27444                   0000000180056fc8     inverse_test_sfun_registry.obj
 0003:0000afd8       $SG27456                   0000000180056fd8     inverse_test_sfun_registry.obj
 0003:0000afe8       $SG27466                   0000000180056fe8     inverse_test_sfun_registry.obj
 0003:0000aff8       $SG27476                   0000000180056ff8     inverse_test_sfun_registry.obj
 0003:0000b018       $SG13190                   0000000180057018     ccd_polytope.obj
 0003:0000b01c       $SG13240                   000000018005701c     ccd_polytope.obj
 0003:0000b028       $SG13241                   0000000180057028     ccd_polytope.obj
 0003:0000b034       $SG13244                   0000000180057034     ccd_polytope.obj
 0003:0000b040       $SG13242                   0000000180057040     ccd_polytope.obj
 0003:0000b050       $SG13243                   0000000180057050     ccd_polytope.obj
 0003:0000b058       $SG13245                   0000000180057058     ccd_polytope.obj
 0003:0000b060       $SG13248                   0000000180057060     ccd_polytope.obj
 0003:0000b090       points_on_sphere           0000000180057090     ccd_vec3.obj
 0003:0000b590       sRtwOptimizationInfoStruct 0000000180057590     inverse_test_sfun.obj
 0003:0000b598       sOptimizationInfoFlags     0000000180057598     inverse_test_sfun.obj
 0003:0000b5a0       $SG25754                   00000001800575a0     c4_inverse_test.obj
 0003:0000b5a1       $SG25758                   00000001800575a1     c4_inverse_test.obj
 0003:0000b5a2       $SG25774                   00000001800575a2     c4_inverse_test.obj
 0003:0000b5a3       $SG25781                   00000001800575a3     c4_inverse_test.obj
 0003:0000b5a4       $SG25788                   00000001800575a4     c4_inverse_test.obj
 0003:0000b5a5       $SG25795                   00000001800575a5     c4_inverse_test.obj
 0003:0000b5a6       $SG25799                   00000001800575a6     c4_inverse_test.obj
 0003:0000b5a7       $SG25806                   00000001800575a7     c4_inverse_test.obj
 0003:0000b5a8       $SG25810                   00000001800575a8     c4_inverse_test.obj
 0003:0000b5a9       $SG25814                   00000001800575a9     c4_inverse_test.obj
 0003:0000b5aa       $SG25824                   00000001800575aa     c4_inverse_test.obj
 0003:0000b5ab       $SG25831                   00000001800575ab     c4_inverse_test.obj
 0003:0000b5ac       $SG25835                   00000001800575ac     c4_inverse_test.obj
 0003:0000b5ad       $SG27082                   00000001800575ad     c4_inverse_test.obj
 0003:0000b5ae       $SG32840                   00000001800575ae     c4_inverse_test.obj
 0003:0000b5af       $SG32841                   00000001800575af     c4_inverse_test.obj
 0003:0000b5b0       _sfTime_                   00000001800575b0     c4_inverse_test.obj
 0003:0000b5b8       $SG32997                   00000001800575b8     c4_inverse_test.obj
 0003:0000b5c0       ?newstr@?1??sf_c4_inverse_test_get_post_codegen_info@@9@9 00000001800575c0     c4_inverse_test.obj
 0003:0000bc00       sfGlobalMdlStartCallCounts 0000000180057c00     inverse_test_sfun_registry.obj
 0003:0000bc04       $SG26873                   0000000180057c04     inverse_test_sfun_registry.obj
 0003:0000bc08       __ccd_vec3_origin          0000000180057c08     ccd_vec3.obj
 0003:0000bc20       GS_ExceptionRecord         0000000180057c20     MSVCRT:gs_report.obj
 0003:0000bcc0       GS_ContextRecord           0000000180057cc0     MSVCRT:gs_report.obj
 0003:0000c190       ?__proc_attached@@3HA      0000000180058190     MSVCRT:dll_dllmain.obj
 0003:0000c1d0       ?is_initialized_as_dll@@3_NA 00000001800581d0     MSVCRT:utility.obj
 0003:0000c1d1       ?module_local_atexit_table_initialized@@3_NA 00000001800581d1     MSVCRT:utility.obj
 0003:0000c1d8       ?module_local_atexit_table@@3U_onexit_table_t@@A 00000001800581d8     MSVCRT:utility.obj
 0003:0000c1f0       ?module_local_at_quick_exit_table@@3U_onexit_table_t@@A 00000001800581f0     MSVCRT:utility.obj
